<html>
<body>
<pre>
<h1>µVision Build Log</h1>
<h2>Project:</h2>
C:\Users\David Wu\Documents\GitHub\Project-Voice\Test and Simulation\STM32F4xx Function Test\QCopterMachineVision Board\TEST_QCopterMV_ADC\Project_QCMV_Test\Project_Test_ADC.uvproj
Project File Date:  09/13/2013

<h2>Output:</h2>
Rebuild target 'Test_QCopterMV'
assembling startup_stm32f4xx.s...
compiling system_stm32f4xx.c...
compiling Test_ADC_Main.c...
compiling stm32f4xx_rcc.c...
compiling stm32f4xx_gpio.c...
compiling stm32f4xx_adc.c...
compiling stm32f4xx_usart.c...
compiling stm32f4xx_dma.c...
compiling stm32f4_delay.c...
compiling QCopterMV_LED.c...
compiling QCopterMV_RS232.c...
compiling StringConvert.c...
compiling QCopterMV_ADC.c...
linking...
Program Size: Code=7604 RO-data=424 RW-data=36 ZI-data=2092  
".\Obj\Project_Test_ADC.axf" - 0 Error(s), 0 Warning(s).
