Rebuild target 'QCopterMV_Voice_ADC'
assembling startup_stm32f4xx.s...
compiling system_stm32f4xx.c...
compiling Voice_ADC_Main.c...
..\Program\Voice_ADC_Main.c(51): warning:  #1-D: last line of file ends without a newline
compiling stm32f4xx_adc.c...
compiling stm32f4xx_dma.c...
compiling stm32f4xx_gpio.c...
compiling stm32f4xx_rcc.c...
compiling stm32f4xx_sdio.c...
compiling stm32f4xx_usart.c...
compiling QCopterMV_ADC.c...
compiling QCopterMV_LED.c...
compiling QCopterMV_USART.c...
compiling stm32f4_delay.c...
compiling StringConvert.c...
linking...
Program Size: Code=6952 RO-data=424 RW-data=36 ZI-data=1892  
".\Obj\PROJ_VOICE_ADC.axf" - 0 Error(s), 1 Warning(s).
