<html>
<body>
<pre>
<h1>µVision Build Log</h1>
<h2>Project:</h2>
C:\Users\David Wu\Documents\GitHub\Project-Voice\Test and Simulation\System Control\Voice ADC\Project Voice ADC\Voice_ADC.uvproj
Project File Date:  09/30/2013

<h2>Output:</h2>
Rebuild target 'QCopterMV'
assembling startup_stm32f4xx.s...
compiling system_stm32f4xx.c...
compiling stm32f4xx_rcc.c...
compiling stm32f4xx_dma.c...
compiling stm32f4xx_adc.c...
compiling stm32f4xx_gpio.c...
compiling stm32f4xx_sdio.c...
compiling stm32f4xx_usart.c...
compiling Voice_ADC_Main.c...
compiling stm32f4_ADC.c...
compiling stm32f4_DELAY.c...
compiling stm32f4_GPIO.c...
compiling stm32f4_LED.c...
compiling stm32f4_USART.c...
compiling StringConvert.c...
compiling diskio.c...
..\Libraries\CMSIS\stm32f10x.h(96): error:  #35: #error directive: "Please select first the target STM32F10x device used in your application (in stm32f10x.h file)"
compiling ff.c...
..\Libraries\CMSIS\stm32f10x.h(96): error:  #35: #error directive: "Please select first the target STM32F10x device used in your application (in stm32f10x.h file)"
Target not created
Load "C:\\Users\\David Wu\\Documents\\GitHub\\Project-Voice\\Test and Simulation\\System Control\\Voice ADC\\Project Voice ADC\\Obj\\Voice_ADC.axf" 
_____^
*** error 56: cannot open file
Rebuild target 'QCopterMV'
assembling startup_stm32f4xx.s...
compiling system_stm32f4xx.c...
compiling stm32f4xx_rcc.c...
compiling stm32f4xx_dma.c...
compiling stm32f4xx_adc.c...
compiling stm32f4xx_gpio.c...
compiling stm32f4xx_sdio.c...
compiling stm32f4xx_usart.c...
compiling Voice_ADC_Main.c...
compiling stm32f4_ADC.c...
compiling stm32f4_DELAY.c...
compiling stm32f4_GPIO.c...
compiling stm32f4_LED.c...
compiling stm32f4_USART.c...
compiling StringConvert.c...
compiling diskio.c...
..\Libraries\FATFS\diskio.c(10): error:  #5: cannot open source input file "SPI_SD_driver.h": No such file or directory
compiling ff.c...
..\Libraries\CMSIS\stm32f10x.h(96): error:  #35: #error directive: "Please select first the target STM32F10x device used in your application (in stm32f10x.h file)"
Target not created
Rebuild target 'QCopterMV'
assembling startup_stm32f4xx.s...
compiling system_stm32f4xx.c...
compiling stm32f4xx_rcc.c...
compiling stm32f4xx_dma.c...
compiling stm32f4xx_adc.c...
compiling stm32f4xx_gpio.c...
compiling stm32f4xx_sdio.c...
compiling stm32f4xx_usart.c...
compiling Voice_ADC_Main.c...
compiling stm32f4_ADC.c...
compiling stm32f4_DELAY.c...
compiling stm32f4_GPIO.c...
compiling stm32f4_LED.c...
compiling stm32f4_USART.c...
compiling StringConvert.c...
compiling stm32f4_SDIO.c...
compiling diskio.c...
..\Libraries\FATFS\diskio.c(11): error:  #5: cannot open source input file "stm32_SDIO.h": No such file or directory
compiling ff.c...
..\Libraries\CMSIS\stm32f10x.h(96): error:  #35: #error directive: "Please select first the target STM32F10x device used in your application (in stm32f10x.h file)"
Target not created
Rebuild target 'QCopterMV'
assembling startup_stm32f4xx.s...
compiling system_stm32f4xx.c...
compiling stm32f4xx_rcc.c...
compiling stm32f4xx_dma.c...
compiling stm32f4xx_adc.c...
compiling stm32f4xx_gpio.c...
compiling stm32f4xx_sdio.c...
compiling stm32f4xx_usart.c...
compiling Voice_ADC_Main.c...
compiling stm32f4_ADC.c...
compiling stm32f4_DELAY.c...
compiling stm32f4_GPIO.c...
compiling stm32f4_LED.c...
compiling stm32f4_USART.c...
compiling StringConvert.c...
compiling stm32f4_SDIO.c...
compiling diskio.c...
..\Libraries\FATFS\diskio.c(94): warning:  #223-D: function "SD_ReadSingleBlock" declared implicitly
..\Libraries\FATFS\diskio.c(98): warning:  #223-D: function "SD_ReadMultiBlock" declared implicitly
..\Libraries\FATFS\diskio.c(150): warning:  #223-D: function "SD_WriteSingleBlock" declared implicitly
..\Libraries\FATFS\diskio.c(154): warning:  #223-D: function "SD_WriteMultiBlock" declared implicitly
..\Libraries\FATFS\diskio.c(194): warning:  #223-D: function "SD_CS_ENABLE" declared implicitly
..\Libraries\FATFS\diskio.c(195): warning:  #223-D: function "SD_WaitReady" declared implicitly
..\Libraries\FATFS\diskio.c(203): warning:  #223-D: function "SD_CS_DISABLE" declared implicitly
..\Libraries\FATFS\diskio.c(212): warning:  #223-D: function "SD_GetCapacity" declared implicitly
compiling ff.c...
linking...
.\Obj\Voice_ADC.axf: Error: L6218E: Undefined symbol NVIC_Init (referred from stm32f4_sdio.o).
.\Obj\Voice_ADC.axf: Error: L6218E: Undefined symbol NVIC_PriorityGroupConfig (referred from stm32f4_sdio.o).
.\Obj\Voice_ADC.axf: Error: L6218E: Undefined symbol SD_CS_DISABLE (referred from diskio.o).
.\Obj\Voice_ADC.axf: Error: L6218E: Undefined symbol SD_CS_ENABLE (referred from diskio.o).
.\Obj\Voice_ADC.axf: Error: L6218E: Undefined symbol SD_GetCapacity (referred from diskio.o).
.\Obj\Voice_ADC.axf: Error: L6218E: Undefined symbol SD_ReadMultiBlock (referred from diskio.o).
.\Obj\Voice_ADC.axf: Error: L6218E: Undefined symbol SD_ReadSingleBlock (referred from diskio.o).
.\Obj\Voice_ADC.axf: Error: L6218E: Undefined symbol SD_WaitReady (referred from diskio.o).
.\Obj\Voice_ADC.axf: Error: L6218E: Undefined symbol SD_WriteMultiBlock (referred from diskio.o).
.\Obj\Voice_ADC.axf: Error: L6218E: Undefined symbol SD_WriteSingleBlock (referred from diskio.o).
Target not created
Rebuild target 'QCopterMV'
assembling startup_stm32f4xx.s...
compiling system_stm32f4xx.c...
compiling stm32f4xx_rcc.c...
compiling stm32f4xx_dma.c...
compiling stm32f4xx_adc.c...
compiling stm32f4xx_gpio.c...
compiling stm32f4xx_sdio.c...
compiling stm32f4xx_usart.c...
compiling Voice_ADC_Main.c...
compiling stm32f4_ADC.c...
compiling stm32f4_DELAY.c...
compiling stm32f4_GPIO.c...
compiling stm32f4_LED.c...
compiling stm32f4_USART.c...
compiling StringConvert.c...
compiling stm32f4_SDIO.c...
compiling diskio.c...
compiling ff.c...
linking...
.\Obj\Voice_ADC.axf: Error: L6218E: Undefined symbol NVIC_Init (referred from stm32f4_sdio.o).
.\Obj\Voice_ADC.axf: Error: L6218E: Undefined symbol NVIC_PriorityGroupConfig (referred from stm32f4_sdio.o).
Target not created
Rebuild target 'QCopterMV'
assembling startup_stm32f4xx.s...
compiling system_stm32f4xx.c...
compiling stm32f4xx_rcc.c...
compiling stm32f4xx_dma.c...
compiling stm32f4xx_adc.c...
compiling stm32f4xx_gpio.c...
compiling stm32f4xx_sdio.c...
compiling stm32f4xx_usart.c...
compiling Voice_ADC_Main.c...
compiling stm32f4_ADC.c...
compiling stm32f4_DELAY.c...
compiling stm32f4_GPIO.c...
compiling stm32f4_LED.c...
compiling stm32f4_USART.c...
compiling StringConvert.c...
compiling stm32f4_SDIO.c...
compiling diskio.c...
compiling ff.c...
linking...
.\Obj\Voice_ADC.axf: Error: L6218E: Undefined symbol NVIC_Init (referred from stm32f4_sdio.o).
.\Obj\Voice_ADC.axf: Error: L6218E: Undefined symbol NVIC_PriorityGroupConfig (referred from stm32f4_sdio.o).
Target not created
Rebuild target 'QCopterMV'
assembling startup_stm32f4xx.s...
compiling system_stm32f4xx.c...
compiling misc.c...
compiling stm32f4xx_rcc.c...
compiling stm32f4xx_dma.c...
compiling stm32f4xx_adc.c...
compiling stm32f4xx_gpio.c...
compiling stm32f4xx_sdio.c...
compiling stm32f4xx_usart.c...
compiling Voice_ADC_Main.c...
compiling stm32f4_ADC.c...
compiling stm32f4_DELAY.c...
compiling stm32f4_GPIO.c...
compiling stm32f4_LED.c...
compiling stm32f4_USART.c...
compiling StringConvert.c...
compiling stm32f4_SDIO.c...
compiling diskio.c...
compiling ff.c...
linking...
Program Size: Code=7528 RO-data=424 RW-data=36 ZI-data=1900  
".\Obj\Voice_ADC.axf" - 0 Error(s), 0 Warning(s).
Rebuild target 'QCopterMV'
assembling startup_stm32f4xx.s...
compiling system_stm32f4xx.c...
compiling misc.c...
compiling stm32f4xx_rcc.c...
compiling stm32f4xx_dma.c...
compiling stm32f4xx_adc.c...
compiling stm32f4xx_gpio.c...
compiling stm32f4xx_sdio.c...
compiling stm32f4xx_usart.c...
compiling Voice_ADC_Main.c...
compiling stm32f4_ADC.c...
compiling stm32f4_DELAY.c...
compiling stm32f4_GPIO.c...
compiling stm32f4_LED.c...
compiling stm32f4_USART.c...
compiling StringConvert.c...
compiling stm32f4_SDIO.c...
compiling diskio.c...
compiling ff.c...
linking...
Program Size: Code=7528 RO-data=424 RW-data=36 ZI-data=1900  
".\Obj\Voice_ADC.axf" - 0 Error(s), 0 Warning(s).
