<html>
<body>
<pre>
<h1>µVision Build Log</h1>
<h2>Project:</h2>
C:\Users\David Wu\Documents\GitHub\Project-Voice\Test and Simulation\STM32F4xx Function Test\QCopterMachineVision Board\TEST_QCopterMV_USART\Project_QCMV_Test\Project_Test_UART.uvproj
Project File Date:  09/02/2013

<h2>Output:</h2>
Rebuild target 'Test_QCopterMV'
assembling startup_stm32f4xx.s...
compiling system_stm32f4xx.c...
compiling Test_UART_Main.c...
..\Program\Test_UART_Main.c(31): warning:  #177-D: variable "buf" was declared but never referenced
compiling stm32f4xx_rcc.c...
compiling stm32f4xx_gpio.c...
compiling stm32f4xx_usart.c...
compiling stm32f4_delay.c...
compiling QCopterMV_LED.c...
compiling QCopterMV_RS232.c...
compiling StringConvert.c...
..\Program\StringConvert.h(51): warning:  #1-D: last line of file ends without a newline
..\Program\StringConvert.c(48): warning:  #940-D: missing return statement at end of non-void function "int2str"
..\Program\StringConvert.c(19): warning:  #550-D: variable "numBuf" was set but never used
..\Program\StringConvert.c(22): warning:  #177-D: variable "convertStr" was declared but never referenced
..\Program\StringConvert.c(54): warning:  #940-D: missing return statement at end of non-void function "float2str"
..\Program\StringConvert.c(60): warning:  #940-D: missing return statement at end of non-void function "str2int"
..\Program\StringConvert.c(66): warning:  #940-D: missing return statement at end of non-void function "str2float"
linking...
Program Size: Code=4496 RO-data=424 RW-data=36 ZI-data=1636  
".\Obj\Project_Test_UART.axf" - 0 Error(s), 8 Warning(s).
Rebuild target 'Test_QCopterMV'
assembling startup_stm32f4xx.s...
compiling system_stm32f4xx.c...
compiling Test_UART_Main.c...
..\Program\Test_UART_Main.c(31): warning:  #177-D: variable "buf" was declared but never referenced
compiling stm32f4xx_rcc.c...
compiling stm32f4xx_gpio.c...
compiling stm32f4xx_usart.c...
compiling stm32f4_delay.c...
compiling QCopterMV_LED.c...
compiling QCopterMV_RS232.c...
compiling StringConvert.c...
..\Program\StringConvert.h(53): warning:  #1-D: last line of file ends without a newline
..\Program\StringConvert.c(49): error:  #513: a value of type "unsigned int" cannot be assigned to an entity of type "char *"
..\Program\StringConvert.c(51): error:  #42: operand types are incompatible ("char *" and "int")
..\Program\StringConvert.c(65): error:  #120: return value type does not match the function type
..\Program\StringConvert.c(67): warning:  #111-D: statement is unreachable
..\Program\StringConvert.c(77): warning:  #940-D: missing return statement at end of non-void function "int2str"
..\Program\StringConvert.c(83): warning:  #940-D: missing return statement at end of non-void function "float2str"
..\Program\StringConvert.c(89): warning:  #940-D: missing return statement at end of non-void function "str2int"
..\Program\StringConvert.c(95): warning:  #940-D: missing return statement at end of non-void function "str2float"
Target not created
compiling StringConvert.c...
..\Program\StringConvert.h(53): warning:  #1-D: last line of file ends without a newline
..\Program\StringConvert.c(67): warning:  #111-D: statement is unreachable
..\Program\StringConvert.c(77): warning:  #940-D: missing return statement at end of non-void function "int2str"
..\Program\StringConvert.c(83): warning:  #940-D: missing return statement at end of non-void function "float2str"
..\Program\StringConvert.c(89): warning:  #940-D: missing return statement at end of non-void function "str2int"
..\Program\StringConvert.c(95): warning:  #940-D: missing return statement at end of non-void function "str2float"
..\Program\StringConvert.c - 0 Error(s), 6 Warning(s).
Rebuild target 'Test_QCopterMV'
assembling startup_stm32f4xx.s...
compiling system_stm32f4xx.c...
compiling Test_UART_Main.c...
..\Program\Test_UART_Main.c(31): warning:  #177-D: variable "buf" was declared but never referenced
compiling stm32f4xx_rcc.c...
compiling stm32f4xx_gpio.c...
compiling stm32f4xx_usart.c...
compiling stm32f4_delay.c...
compiling QCopterMV_LED.c...
compiling QCopterMV_RS232.c...
compiling StringConvert.c...
..\Program\StringConvert.h(53): warning:  #1-D: last line of file ends without a newline
..\Program\StringConvert.c(83): warning:  #940-D: missing return statement at end of non-void function "float2str"
..\Program\StringConvert.c(89): warning:  #940-D: missing return statement at end of non-void function "str2int"
..\Program\StringConvert.c(95): warning:  #940-D: missing return statement at end of non-void function "str2float"
linking...
Program Size: Code=4496 RO-data=424 RW-data=36 ZI-data=1636  
".\Obj\Project_Test_UART.axf" - 0 Error(s), 5 Warning(s).
Rebuild target 'Test_QCopterMV'
assembling startup_stm32f4xx.s...
compiling system_stm32f4xx.c...
compiling Test_UART_Main.c...
..\Program\Test_UART_Main.c(31): warning:  #177-D: variable "buf" was declared but never referenced
compiling stm32f4xx_rcc.c...
compiling stm32f4xx_gpio.c...
compiling stm32f4xx_usart.c...
compiling stm32f4_delay.c...
compiling QCopterMV_LED.c...
compiling QCopterMV_RS232.c...
compiling StringConvert.c...
..\Program\StringConvert.h(53): warning:  #1-D: last line of file ends without a newline
..\Program\StringConvert.c(117): warning:  #940-D: missing return statement at end of non-void function "str2int"
..\Program\StringConvert.c(123): warning:  #940-D: missing return statement at end of non-void function "str2float"
linking...
Program Size: Code=4496 RO-data=424 RW-data=36 ZI-data=1636  
".\Obj\Project_Test_UART.axf" - 0 Error(s), 4 Warning(s).
Rebuild target 'Test_QCopterMV'
assembling startup_stm32f4xx.s...
compiling system_stm32f4xx.c...
compiling Test_UART_Main.c...
..\Program\Test_UART_Main.c(31): warning:  #177-D: variable "buf" was declared but never referenced
compiling stm32f4xx_rcc.c...
compiling stm32f4xx_gpio.c...
compiling stm32f4xx_usart.c...
compiling stm32f4_delay.c...
compiling QCopterMV_LED.c...
compiling QCopterMV_RS232.c...
compiling StringConvert.c...
..\Program\StringConvert.c(117): warning:  #940-D: missing return statement at end of non-void function "str2int"
..\Program\StringConvert.c(123): warning:  #940-D: missing return statement at end of non-void function "str2float"
linking...
Program Size: Code=4496 RO-data=424 RW-data=36 ZI-data=1636  
".\Obj\Project_Test_UART.axf" - 0 Error(s), 3 Warning(s).
Rebuild target 'Test_QCopterMV'
assembling startup_stm32f4xx.s...
compiling system_stm32f4xx.c...
compiling Test_UART_Main.c...
..\Program\Test_UART_Main.c(31): warning:  #177-D: variable "buf" was declared but never referenced
compiling stm32f4xx_rcc.c...
compiling stm32f4xx_gpio.c...
compiling stm32f4xx_usart.c...
compiling stm32f4_delay.c...
compiling QCopterMV_LED.c...
compiling QCopterMV_RS232.c...
compiling StringConvert.c...
linking...
Program Size: Code=4496 RO-data=424 RW-data=36 ZI-data=1636  
".\Obj\Project_Test_UART.axf" - 0 Error(s), 1 Warning(s).
Rebuild target 'Test_QCopterMV'
assembling startup_stm32f4xx.s...
compiling system_stm32f4xx.c...
compiling Test_UART_Main.c...
..\Program\Test_UART_Main.c(34): warning:  #177-D: variable "buf" was declared but never referenced
compiling stm32f4xx_rcc.c...
compiling stm32f4xx_gpio.c...
compiling stm32f4xx_usart.c...
compiling stm32f4_delay.c...
compiling QCopterMV_LED.c...
compiling QCopterMV_RS232.c...
compiling StringConvert.c...
linking...
Program Size: Code=4932 RO-data=424 RW-data=36 ZI-data=1836  
".\Obj\Project_Test_UART.axf" - 0 Error(s), 1 Warning(s).
Rebuild target 'Test_QCopterMV'
assembling startup_stm32f4xx.s...
compiling system_stm32f4xx.c...
compiling Test_UART_Main.c...
compiling stm32f4xx_rcc.c...
compiling stm32f4xx_gpio.c...
compiling stm32f4xx_usart.c...
compiling stm32f4_delay.c...
compiling QCopterMV_LED.c...
compiling QCopterMV_RS232.c...
compiling StringConvert.c...
linking...
Program Size: Code=4924 RO-data=424 RW-data=36 ZI-data=1836  
".\Obj\Project_Test_UART.axf" - 0 Error(s), 0 Warning(s).
Rebuild target 'Test_QCopterMV'
assembling startup_stm32f4xx.s...
compiling system_stm32f4xx.c...
compiling Test_UART_Main.c...
compiling stm32f4xx_rcc.c...
compiling stm32f4xx_gpio.c...
compiling stm32f4xx_usart.c...
compiling stm32f4_delay.c...
compiling QCopterMV_LED.c...
compiling QCopterMV_RS232.c...
compiling StringConvert.c...
linking...
Program Size: Code=4924 RO-data=424 RW-data=36 ZI-data=1836  
".\Obj\Project_Test_UART.axf" - 0 Error(s), 0 Warning(s).
Load "C:\\Users\\David Wu\\Documents\\GitHub\\Project-Voice\\Test and Simulation\\STM32F4xx Function Test\\QCopterMachineVision Board\\TEST_QCopterMV_USART\\Project_QCMV_Test\\Obj\\Project_Test_UART.axf" 
Set JLink Project File to "C:\Users\David Wu\Documents\GitHub\Project-Voice\Test and Simulation\STM32F4xx Function Test\QCopterMachineVision Board\TEST_QCopterMV_USART\Project_QCMV_Test\JLinkSettings.ini"
* JLink Info: Device "STM32F407VG" selected (1024 KB flash, 128 KB RAM).
 
JLink info:
------------
DLL: V4.68a, compiled Apr 12 2013 13:26:50
Firmware: J-Link ARM V8 compiled Nov 14 2012 22:34:52
Hardware: V8.00
S/N : 168520 
Feature(s) : RDI,FlashDL,FlashBP,JFlash,GDBFull 
 
* JLink Info: Found SWD-DP with ID 0x2BA01477
* JLink Info: Found SWD-DP with ID 0x2BA01477
* JLink Info: TPIU fitted.
* JLink Info: ETM fitted.
* JLink Info: FPUnit: 6 code (BP) slots and 2 literal slots
* JLink Info: Found Cortex-M4 r0p1, Little endian.
ROMTableAddr = 0xE00FF003
 
Target info:
------------
Device: STM32F407VG
VTarget = 3.293V
State of Pins: 
TCK: 0, TDI: 0, TDO: 0, TMS: 1, TRES: 1, TRST: 1
Hardware-Breakpoints: 6
Software-Breakpoints: 8192
Watchpoints:          4
JTAG speed: 2000 kHz
 
Erase Done.
Programming Done.
Verify OK.
Application running ...
Rebuild target 'Test_QCopterMV'
assembling startup_stm32f4xx.s...
compiling system_stm32f4xx.c...
compiling Test_UART_Main.c...
compiling stm32f4xx_rcc.c...
compiling stm32f4xx_gpio.c...
compiling stm32f4xx_usart.c...
compiling stm32f4_delay.c...
compiling QCopterMV_LED.c...
compiling QCopterMV_RS232.c...
compiling StringConvert.c...
linking...
Program Size: Code=4924 RO-data=424 RW-data=36 ZI-data=1836  
".\Obj\Project_Test_UART.axf" - 0 Error(s), 0 Warning(s).
Load "C:\\Users\\David Wu\\Documents\\GitHub\\Project-Voice\\Test and Simulation\\STM32F4xx Function Test\\QCopterMachineVision Board\\TEST_QCopterMV_USART\\Project_QCMV_Test\\Obj\\Project_Test_UART.axf" 
Set JLink Project File to "C:\Users\David Wu\Documents\GitHub\Project-Voice\Test and Simulation\STM32F4xx Function Test\QCopterMachineVision Board\TEST_QCopterMV_USART\Project_QCMV_Test\JLinkSettings.ini"
* JLink Info: Device "STM32F407VG" selected (1024 KB flash, 128 KB RAM).
 
JLink info:
------------
DLL: V4.68a, compiled Apr 12 2013 13:26:50
Firmware: J-Link ARM V8 compiled Nov 14 2012 22:34:52
Hardware: V8.00
S/N : 168520 
Feature(s) : RDI,FlashDL,FlashBP,JFlash,GDBFull 
 
* JLink Info: Found SWD-DP with ID 0x2BA01477
* JLink Info: Found SWD-DP with ID 0x2BA01477
* JLink Info: TPIU fitted.
* JLink Info: ETM fitted.
* JLink Info: FPUnit: 6 code (BP) slots and 2 literal slots
* JLink Info: Found Cortex-M4 r0p1, Little endian.
ROMTableAddr = 0xE00FF003
 
Target info:
------------
Device: STM32F407VG
VTarget = 3.293V
State of Pins: 
TCK: 0, TDI: 0, TDO: 0, TMS: 1, TRES: 1, TRST: 1
Hardware-Breakpoints: 6
Software-Breakpoints: 8192
Watchpoints:          4
JTAG speed: 2000 kHz
 
Erase Done.
Programming Done.
Verify OK.
Application running ...
Rebuild target 'Test_QCopterMV'
assembling startup_stm32f4xx.s...
compiling system_stm32f4xx.c...
compiling Test_UART_Main.c...
compiling stm32f4xx_rcc.c...
compiling stm32f4xx_gpio.c...
compiling stm32f4xx_usart.c...
compiling stm32f4_delay.c...
compiling QCopterMV_LED.c...
compiling QCopterMV_RS232.c...
compiling StringConvert.c...
linking...
Program Size: Code=4920 RO-data=424 RW-data=36 ZI-data=1836  
".\Obj\Project_Test_UART.axf" - 0 Error(s), 0 Warning(s).
Load "C:\\Users\\David Wu\\Documents\\GitHub\\Project-Voice\\Test and Simulation\\STM32F4xx Function Test\\QCopterMachineVision Board\\TEST_QCopterMV_USART\\Project_QCMV_Test\\Obj\\Project_Test_UART.axf" 
Set JLink Project File to "C:\Users\David Wu\Documents\GitHub\Project-Voice\Test and Simulation\STM32F4xx Function Test\QCopterMachineVision Board\TEST_QCopterMV_USART\Project_QCMV_Test\JLinkSettings.ini"
* JLink Info: Device "STM32F407VG" selected (1024 KB flash, 128 KB RAM).
 
JLink info:
------------
DLL: V4.68a, compiled Apr 12 2013 13:26:50
Firmware: J-Link ARM V8 compiled Nov 14 2012 22:34:52
Hardware: V8.00
S/N : 168520 
Feature(s) : RDI,FlashDL,FlashBP,JFlash,GDBFull 
 
* JLink Info: Found SWD-DP with ID 0x2BA01477
* JLink Info: Found SWD-DP with ID 0x2BA01477
* JLink Info: TPIU fitted.
* JLink Info: ETM fitted.
* JLink Info: FPUnit: 6 code (BP) slots and 2 literal slots
* JLink Info: Found Cortex-M4 r0p1, Little endian.
ROMTableAddr = 0xE00FF003
 
Target info:
------------
Device: STM32F407VG
VTarget = 3.293V
State of Pins: 
TCK: 0, TDI: 0, TDO: 0, TMS: 1, TRES: 1, TRST: 1
Hardware-Breakpoints: 6
Software-Breakpoints: 8192
Watchpoints:          4
JTAG speed: 2000 kHz
 
Erase Done.
Programming Done.
Verify OK.
Application running ...
Rebuild target 'Test_QCopterMV'
assembling startup_stm32f4xx.s...
compiling system_stm32f4xx.c...
compiling Test_UART_Main.c...
..\Program\Test_UART_Main.c(51): warning:  #167-D: argument of type "char *" is incompatible with parameter of type "unsigned char *"
compiling stm32f4xx_rcc.c...
compiling stm32f4xx_gpio.c...
compiling stm32f4xx_usart.c...
compiling stm32f4_delay.c...
compiling QCopterMV_LED.c...
compiling QCopterMV_RS232.c...
compiling StringConvert.c...
linking...
Program Size: Code=4920 RO-data=424 RW-data=36 ZI-data=1836  
".\Obj\Project_Test_UART.axf" - 0 Error(s), 1 Warning(s).
Load "C:\\Users\\David Wu\\Documents\\GitHub\\Project-Voice\\Test and Simulation\\STM32F4xx Function Test\\QCopterMachineVision Board\\TEST_QCopterMV_USART\\Project_QCMV_Test\\Obj\\Project_Test_UART.axf" 
Set JLink Project File to "C:\Users\David Wu\Documents\GitHub\Project-Voice\Test and Simulation\STM32F4xx Function Test\QCopterMachineVision Board\TEST_QCopterMV_USART\Project_QCMV_Test\JLinkSettings.ini"
* JLink Info: Device "STM32F407VG" selected (1024 KB flash, 128 KB RAM).
 
JLink info:
------------
DLL: V4.68a, compiled Apr 12 2013 13:26:50
Firmware: J-Link ARM V8 compiled Nov 14 2012 22:34:52
Hardware: V8.00
S/N : 168520 
Feature(s) : RDI,FlashDL,FlashBP,JFlash,GDBFull 
 
* JLink Info: Found SWD-DP with ID 0x2BA01477
* JLink Info: Found SWD-DP with ID 0x2BA01477
* JLink Info: TPIU fitted.
* JLink Info: ETM fitted.
* JLink Info: FPUnit: 6 code (BP) slots and 2 literal slots
* JLink Info: Found Cortex-M4 r0p1, Little endian.
ROMTableAddr = 0xE00FF003
 
Target info:
------------
Device: STM32F407VG
VTarget = 3.293V
State of Pins: 
TCK: 0, TDI: 0, TDO: 0, TMS: 1, TRES: 1, TRST: 1
Hardware-Breakpoints: 6
Software-Breakpoints: 8192
Watchpoints:          4
JTAG speed: 2000 kHz
 
Erase Done.
Programming Done.
Verify OK.
Application running ...
Rebuild target 'Test_QCopterMV'
assembling startup_stm32f4xx.s...
compiling system_stm32f4xx.c...
compiling Test_UART_Main.c...
..\Program\Test_UART_Main.c(54): warning:  #167-D: argument of type "char *" is incompatible with parameter of type "unsigned char *"
compiling stm32f4xx_rcc.c...
compiling stm32f4xx_gpio.c...
compiling stm32f4xx_usart.c...
compiling stm32f4_delay.c...
compiling QCopterMV_LED.c...
compiling QCopterMV_RS232.c...
compiling StringConvert.c...
linking...
Program Size: Code=5076 RO-data=424 RW-data=36 ZI-data=1836  
".\Obj\Project_Test_UART.axf" - 0 Error(s), 1 Warning(s).
Load "C:\\Users\\David Wu\\Documents\\GitHub\\Project-Voice\\Test and Simulation\\STM32F4xx Function Test\\QCopterMachineVision Board\\TEST_QCopterMV_USART\\Project_QCMV_Test\\Obj\\Project_Test_UART.axf" 
Set JLink Project File to "C:\Users\David Wu\Documents\GitHub\Project-Voice\Test and Simulation\STM32F4xx Function Test\QCopterMachineVision Board\TEST_QCopterMV_USART\Project_QCMV_Test\JLinkSettings.ini"
* JLink Info: Device "STM32F407VG" selected (1024 KB flash, 128 KB RAM).
 
JLink info:
------------
DLL: V4.68a, compiled Apr 12 2013 13:26:50
Firmware: J-Link ARM V8 compiled Nov 14 2012 22:34:52
Hardware: V8.00
S/N : 168520 
Feature(s) : RDI,FlashDL,FlashBP,JFlash,GDBFull 
 
* JLink Info: Found SWD-DP with ID 0x2BA01477
* JLink Info: Found SWD-DP with ID 0x2BA01477
* JLink Info: TPIU fitted.
* JLink Info: ETM fitted.
* JLink Info: FPUnit: 6 code (BP) slots and 2 literal slots
* JLink Info: Found Cortex-M4 r0p1, Little endian.
ROMTableAddr = 0xE00FF003
 
Target info:
------------
Device: STM32F407VG
VTarget = 3.293V
State of Pins: 
TCK: 0, TDI: 0, TDO: 0, TMS: 1, TRES: 1, TRST: 1
Hardware-Breakpoints: 6
Software-Breakpoints: 8192
Watchpoints:          4
JTAG speed: 2000 kHz
 
Erase Done.
Programming Done.
Verify OK.
Application running ...
Rebuild target 'Test_QCopterMV'
assembling startup_stm32f4xx.s...
compiling system_stm32f4xx.c...
compiling Test_UART_Main.c...
compiling stm32f4xx_rcc.c...
compiling stm32f4xx_gpio.c...
compiling stm32f4xx_usart.c...
compiling stm32f4_delay.c...
compiling QCopterMV_LED.c...
compiling QCopterMV_RS232.c...
compiling StringConvert.c...
linking...
Program Size: Code=5200 RO-data=424 RW-data=36 ZI-data=1836  
".\Obj\Project_Test_UART.axf" - 0 Error(s), 0 Warning(s).
Load "C:\\Users\\David Wu\\Documents\\GitHub\\Project-Voice\\Test and Simulation\\STM32F4xx Function Test\\QCopterMachineVision Board\\TEST_QCopterMV_USART\\Project_QCMV_Test\\Obj\\Project_Test_UART.axf" 
Set JLink Project File to "C:\Users\David Wu\Documents\GitHub\Project-Voice\Test and Simulation\STM32F4xx Function Test\QCopterMachineVision Board\TEST_QCopterMV_USART\Project_QCMV_Test\JLinkSettings.ini"
* JLink Info: Device "STM32F407VG" selected (1024 KB flash, 128 KB RAM).
 
JLink info:
------------
DLL: V4.68a, compiled Apr 12 2013 13:26:50
Firmware: J-Link ARM V8 compiled Nov 14 2012 22:34:52
Hardware: V8.00
S/N : 168520 
Feature(s) : RDI,FlashDL,FlashBP,JFlash,GDBFull 
 
* JLink Info: Found SWD-DP with ID 0x2BA01477
* JLink Info: Found SWD-DP with ID 0x2BA01477
* JLink Info: TPIU fitted.
* JLink Info: ETM fitted.
* JLink Info: FPUnit: 6 code (BP) slots and 2 literal slots
* JLink Info: Found Cortex-M4 r0p1, Little endian.
ROMTableAddr = 0xE00FF003
 
Target info:
------------
Device: STM32F407VG
VTarget = 3.293V
State of Pins: 
TCK: 0, TDI: 0, TDO: 0, TMS: 1, TRES: 1, TRST: 1
Hardware-Breakpoints: 6
Software-Breakpoints: 8192
Watchpoints:          4
JTAG speed: 2000 kHz
 
Erase Done.
Programming Done.
Verify OK.
Application running ...
Rebuild target 'Test_QCopterMV'
assembling startup_stm32f4xx.s...
compiling system_stm32f4xx.c...
compiling Test_UART_Main.c...
compiling stm32f4xx_rcc.c...
compiling stm32f4xx_gpio.c...
compiling stm32f4xx_usart.c...
compiling stm32f4_delay.c...
compiling QCopterMV_LED.c...
compiling QCopterMV_RS232.c...
compiling StringConvert.c...
linking...
Program Size: Code=5220 RO-data=424 RW-data=36 ZI-data=1836  
".\Obj\Project_Test_UART.axf" - 0 Error(s), 0 Warning(s).
Rebuild target 'Test_QCopterMV'
assembling startup_stm32f4xx.s...
compiling system_stm32f4xx.c...
compiling Test_UART_Main.c...
compiling stm32f4xx_rcc.c...
compiling stm32f4xx_gpio.c...
compiling stm32f4xx_usart.c...
compiling stm32f4_delay.c...
compiling QCopterMV_LED.c...
compiling QCopterMV_RS232.c...
compiling StringConvert.c...
linking...
Program Size: Code=5220 RO-data=424 RW-data=36 ZI-data=1836  
".\Obj\Project_Test_UART.axf" - 0 Error(s), 0 Warning(s).
Load "C:\\Users\\David Wu\\Documents\\GitHub\\Project-Voice\\Test and Simulation\\STM32F4xx Function Test\\QCopterMachineVision Board\\TEST_QCopterMV_USART\\Project_QCMV_Test\\Obj\\Project_Test_UART.axf" 
Set JLink Project File to "C:\Users\David Wu\Documents\GitHub\Project-Voice\Test and Simulation\STM32F4xx Function Test\QCopterMachineVision Board\TEST_QCopterMV_USART\Project_QCMV_Test\JLinkSettings.ini"
* JLink Info: Device "STM32F407VG" selected (1024 KB flash, 128 KB RAM).
 
JLink info:
------------
DLL: V4.68a, compiled Apr 12 2013 13:26:50
Firmware: J-Link ARM V8 compiled Nov 14 2012 22:34:52
Hardware: V8.00
S/N : 168520 
Feature(s) : RDI,FlashDL,FlashBP,JFlash,GDBFull 
 
* JLink Info: Found SWD-DP with ID 0x2BA01477
* JLink Info: Found SWD-DP with ID 0x2BA01477
* JLink Info: TPIU fitted.
* JLink Info: ETM fitted.
* JLink Info: FPUnit: 6 code (BP) slots and 2 literal slots
* JLink Info: Found Cortex-M4 r0p1, Little endian.
ROMTableAddr = 0xE00FF003
 
Target info:
------------
Device: STM32F407VG
VTarget = 3.293V
State of Pins: 
TCK: 0, TDI: 0, TDO: 0, TMS: 1, TRES: 1, TRST: 1
Hardware-Breakpoints: 6
Software-Breakpoints: 8192
Watchpoints:          4
JTAG speed: 2000 kHz
 
Erase Done.
Programming Done.
Verify OK.
Application running ...
compiling Test_UART_Main.c...
..\Program\Test_UART_Main.c - 0 Error(s), 0 Warning(s).
Rebuild target 'Test_QCopterMV'
assembling startup_stm32f4xx.s...
compiling system_stm32f4xx.c...
compiling Test_UART_Main.c...
compiling stm32f4xx_rcc.c...
compiling stm32f4xx_gpio.c...
compiling stm32f4xx_usart.c...
compiling stm32f4_delay.c...
compiling QCopterMV_LED.c...
compiling QCopterMV_RS232.c...
compiling StringConvert.c...
linking...
Program Size: Code=5220 RO-data=424 RW-data=36 ZI-data=1836  
".\Obj\Project_Test_UART.axf" - 0 Error(s), 0 Warning(s).
Load "C:\\Users\\David Wu\\Documents\\GitHub\\Project-Voice\\Test and Simulation\\STM32F4xx Function Test\\QCopterMachineVision Board\\TEST_QCopterMV_USART\\Project_QCMV_Test\\Obj\\Project_Test_UART.axf" 
Set JLink Project File to "C:\Users\David Wu\Documents\GitHub\Project-Voice\Test and Simulation\STM32F4xx Function Test\QCopterMachineVision Board\TEST_QCopterMV_USART\Project_QCMV_Test\JLinkSettings.ini"
* JLink Info: Device "STM32F407VG" selected (1024 KB flash, 128 KB RAM).
 
JLink info:
------------
DLL: V4.68a, compiled Apr 12 2013 13:26:50
Firmware: J-Link ARM V8 compiled Nov 14 2012 22:34:52
Hardware: V8.00
S/N : 168520 
Feature(s) : RDI,FlashDL,FlashBP,JFlash,GDBFull 
 
* JLink Info: Found SWD-DP with ID 0x2BA01477
* JLink Info: Found SWD-DP with ID 0x2BA01477
* JLink Info: TPIU fitted.
* JLink Info: ETM fitted.
* JLink Info: FPUnit: 6 code (BP) slots and 2 literal slots
* JLink Info: Found Cortex-M4 r0p1, Little endian.
ROMTableAddr = 0xE00FF003
 
Target info:
------------
Device: STM32F407VG
VTarget = 3.293V
State of Pins: 
TCK: 0, TDI: 0, TDO: 0, TMS: 1, TRES: 1, TRST: 1
Hardware-Breakpoints: 6
Software-Breakpoints: 8192
Watchpoints:          4
JTAG speed: 2000 kHz
 
Erase Done.
Programming Done.
Verify OK.
Application running ...
Rebuild target 'Test_QCopterMV'
assembling startup_stm32f4xx.s...
compiling system_stm32f4xx.c...
compiling Test_UART_Main.c...
compiling stm32f4xx_rcc.c...
compiling stm32f4xx_gpio.c...
compiling stm32f4xx_usart.c...
compiling stm32f4_delay.c...
compiling QCopterMV_LED.c...
compiling QCopterMV_RS232.c...
compiling StringConvert.c...
linking...
Program Size: Code=5220 RO-data=424 RW-data=36 ZI-data=1836  
".\Obj\Project_Test_UART.axf" - 0 Error(s), 0 Warning(s).
Load "C:\\Users\\David Wu\\Documents\\GitHub\\Project-Voice\\Test and Simulation\\STM32F4xx Function Test\\QCopterMachineVision Board\\TEST_QCopterMV_USART\\Project_QCMV_Test\\Obj\\Project_Test_UART.axf" 
Set JLink Project File to "C:\Users\David Wu\Documents\GitHub\Project-Voice\Test and Simulation\STM32F4xx Function Test\QCopterMachineVision Board\TEST_QCopterMV_USART\Project_QCMV_Test\JLinkSettings.ini"
* JLink Info: Device "STM32F407VG" selected (1024 KB flash, 128 KB RAM).
 
JLink info:
------------
DLL: V4.68a, compiled Apr 12 2013 13:26:50
Firmware: J-Link ARM V8 compiled Nov 14 2012 22:34:52
Hardware: V8.00
S/N : 168520 
Feature(s) : RDI,FlashDL,FlashBP,JFlash,GDBFull 
 
* JLink Info: Found SWD-DP with ID 0x2BA01477
* JLink Info: Found SWD-DP with ID 0x2BA01477
* JLink Info: TPIU fitted.
* JLink Info: ETM fitted.
* JLink Info: FPUnit: 6 code (BP) slots and 2 literal slots
* JLink Info: Found Cortex-M4 r0p1, Little endian.
ROMTableAddr = 0xE00FF003
 
Target info:
------------
Device: STM32F407VG
VTarget = 3.293V
State of Pins: 
TCK: 0, TDI: 0, TDO: 0, TMS: 1, TRES: 1, TRST: 1
Hardware-Breakpoints: 6
Software-Breakpoints: 8192
Watchpoints:          4
JTAG speed: 2000 kHz
 
Erase Done.
Programming Done.
Verify OK.
Application running ...
Rebuild target 'Test_QCopterMV'
assembling startup_stm32f4xx.s...
compiling system_stm32f4xx.c...
compiling Test_UART_Main.c...
compiling stm32f4xx_rcc.c...
compiling stm32f4xx_gpio.c...
compiling stm32f4xx_usart.c...
compiling stm32f4_delay.c...
compiling QCopterMV_LED.c...
compiling QCopterMV_RS232.c...
compiling StringConvert.c...
linking...
Program Size: Code=5212 RO-data=424 RW-data=36 ZI-data=1836  
".\Obj\Project_Test_UART.axf" - 0 Error(s), 0 Warning(s).
Rebuild target 'Test_QCopterMV'
assembling startup_stm32f4xx.s...
compiling system_stm32f4xx.c...
compiling Test_UART_Main.c...
compiling stm32f4xx_rcc.c...
compiling stm32f4xx_gpio.c...
compiling stm32f4xx_usart.c...
compiling stm32f4_delay.c...
compiling QCopterMV_LED.c...
compiling QCopterMV_RS232.c...
compiling StringConvert.c...
linking...
Program Size: Code=5212 RO-data=424 RW-data=36 ZI-data=1836  
".\Obj\Project_Test_UART.axf" - 0 Error(s), 0 Warning(s).
Load "C:\\Users\\David Wu\\Documents\\GitHub\\Project-Voice\\Test and Simulation\\STM32F4xx Function Test\\QCopterMachineVision Board\\TEST_QCopterMV_USART\\Project_QCMV_Test\\Obj\\Project_Test_UART.axf" 
Set JLink Project File to "C:\Users\David Wu\Documents\GitHub\Project-Voice\Test and Simulation\STM32F4xx Function Test\QCopterMachineVision Board\TEST_QCopterMV_USART\Project_QCMV_Test\JLinkSettings.ini"
* JLink Info: Device "STM32F407VG" selected (1024 KB flash, 128 KB RAM).
 
JLink info:
------------
DLL: V4.68a, compiled Apr 12 2013 13:26:50
Firmware: J-Link ARM V8 compiled Nov 14 2012 22:34:52
Hardware: V8.00
S/N : 168520 
Feature(s) : RDI,FlashDL,FlashBP,JFlash,GDBFull 
 
* JLink Info: Found SWD-DP with ID 0x2BA01477
* JLink Info: Found SWD-DP with ID 0x2BA01477
* JLink Info: TPIU fitted.
* JLink Info: ETM fitted.
* JLink Info: FPUnit: 6 code (BP) slots and 2 literal slots
* JLink Info: Found Cortex-M4 r0p1, Little endian.
ROMTableAddr = 0xE00FF003
 
Target info:
------------
Device: STM32F407VG
VTarget = 3.293V
State of Pins: 
TCK: 0, TDI: 0, TDO: 0, TMS: 1, TRES: 1, TRST: 1
Hardware-Breakpoints: 6
Software-Breakpoints: 8192
Watchpoints:          4
JTAG speed: 2000 kHz
 
Erase Done.
Programming Done.
Verify OK.
Application running ...
Rebuild target 'Test_QCopterMV'
assembling startup_stm32f4xx.s...
compiling system_stm32f4xx.c...
compiling Test_UART_Main.c...
compiling stm32f4xx_rcc.c...
compiling stm32f4xx_gpio.c...
compiling stm32f4xx_usart.c...
compiling stm32f4_delay.c...
compiling QCopterMV_LED.c...
compiling QCopterMV_RS232.c...
compiling StringConvert.c...
linking...
Program Size: Code=5200 RO-data=424 RW-data=36 ZI-data=1836  
".\Obj\Project_Test_UART.axf" - 0 Error(s), 0 Warning(s).
Load "C:\\Users\\David Wu\\Documents\\GitHub\\Project-Voice\\Test and Simulation\\STM32F4xx Function Test\\QCopterMachineVision Board\\TEST_QCopterMV_USART\\Project_QCMV_Test\\Obj\\Project_Test_UART.axf" 
Set JLink Project File to "C:\Users\David Wu\Documents\GitHub\Project-Voice\Test and Simulation\STM32F4xx Function Test\QCopterMachineVision Board\TEST_QCopterMV_USART\Project_QCMV_Test\JLinkSettings.ini"
* JLink Info: Device "STM32F407VG" selected (1024 KB flash, 128 KB RAM).
 
JLink info:
------------
DLL: V4.68a, compiled Apr 12 2013 13:26:50
Firmware: J-Link ARM V8 compiled Nov 14 2012 22:34:52
Hardware: V8.00
S/N : 168520 
Feature(s) : RDI,FlashDL,FlashBP,JFlash,GDBFull 
 
* JLink Info: Found SWD-DP with ID 0x2BA01477
* JLink Info: Found SWD-DP with ID 0x2BA01477
* JLink Info: TPIU fitted.
* JLink Info: ETM fitted.
* JLink Info: FPUnit: 6 code (BP) slots and 2 literal slots
* JLink Info: Found Cortex-M4 r0p1, Little endian.
ROMTableAddr = 0xE00FF003
 
Target info:
------------
Device: STM32F407VG
VTarget = 3.293V
State of Pins: 
TCK: 0, TDI: 0, TDO: 0, TMS: 1, TRES: 1, TRST: 1
Hardware-Breakpoints: 6
Software-Breakpoints: 8192
Watchpoints:          4
JTAG speed: 2000 kHz
 
Erase Done.
Programming Done.
Verify OK.
Application running ...
Rebuild target 'Test_QCopterMV'
assembling startup_stm32f4xx.s...
compiling system_stm32f4xx.c...
compiling Test_UART_Main.c...
compiling stm32f4xx_rcc.c...
compiling stm32f4xx_gpio.c...
compiling stm32f4xx_usart.c...
compiling stm32f4_delay.c...
compiling QCopterMV_LED.c...
compiling QCopterMV_RS232.c...
compiling StringConvert.c...
linking...
Program Size: Code=5212 RO-data=424 RW-data=36 ZI-data=1836  
".\Obj\Project_Test_UART.axf" - 0 Error(s), 0 Warning(s).
Rebuild target 'Test_QCopterMV'
assembling startup_stm32f4xx.s...
compiling system_stm32f4xx.c...
compiling Test_UART_Main.c...
compiling stm32f4xx_rcc.c...
compiling stm32f4xx_gpio.c...
compiling stm32f4xx_usart.c...
compiling stm32f4_delay.c...
compiling QCopterMV_LED.c...
compiling QCopterMV_RS232.c...
compiling StringConvert.c...
linking...
Program Size: Code=5212 RO-data=424 RW-data=36 ZI-data=1836  
".\Obj\Project_Test_UART.axf" - 0 Error(s), 0 Warning(s).
compiling StringConvert.c...
..\Program\StringConvert.c - 0 Error(s), 0 Warning(s).
Rebuild target 'Test_QCopterMV'
assembling startup_stm32f4xx.s...
compiling system_stm32f4xx.c...
compiling Test_UART_Main.c...
compiling stm32f4xx_rcc.c...
compiling stm32f4xx_gpio.c...
compiling stm32f4xx_usart.c...
compiling stm32f4_delay.c...
compiling QCopterMV_LED.c...
compiling QCopterMV_RS232.c...
compiling StringConvert.c...
linking...
Program Size: Code=5212 RO-data=424 RW-data=36 ZI-data=1836  
".\Obj\Project_Test_UART.axf" - 0 Error(s), 0 Warning(s).
Load "C:\\Users\\David Wu\\Documents\\GitHub\\Project-Voice\\Test and Simulation\\STM32F4xx Function Test\\QCopterMachineVision Board\\TEST_QCopterMV_USART\\Project_QCMV_Test\\Obj\\Project_Test_UART.axf" 
Set JLink Project File to "C:\Users\David Wu\Documents\GitHub\Project-Voice\Test and Simulation\STM32F4xx Function Test\QCopterMachineVision Board\TEST_QCopterMV_USART\Project_QCMV_Test\JLinkSettings.ini"
* JLink Info: Device "STM32F407VG" selected (1024 KB flash, 128 KB RAM).
 
JLink info:
------------
DLL: V4.68a, compiled Apr 12 2013 13:26:50
Firmware: J-Link ARM V8 compiled Nov 14 2012 22:34:52
Hardware: V8.00
S/N : 168520 
Feature(s) : RDI,FlashDL,FlashBP,JFlash,GDBFull 
 
* JLink Info: Found SWD-DP with ID 0x2BA01477
* JLink Info: Found SWD-DP with ID 0x2BA01477
* JLink Info: TPIU fitted.
* JLink Info: ETM fitted.
* JLink Info: FPUnit: 6 code (BP) slots and 2 literal slots
* JLink Info: Found Cortex-M4 r0p1, Little endian.
ROMTableAddr = 0xE00FF003
 
Target info:
------------
Device: STM32F407VG
VTarget = 3.293V
State of Pins: 
TCK: 0, TDI: 0, TDO: 0, TMS: 1, TRES: 1, TRST: 1
Hardware-Breakpoints: 6
Software-Breakpoints: 8192
Watchpoints:          4
JTAG speed: 2000 kHz
 
Erase Done.
Programming Done.
Verify OK.
Application running ...
Rebuild target 'Test_QCopterMV'
assembling startup_stm32f4xx.s...
compiling system_stm32f4xx.c...
compiling Test_UART_Main.c...
compiling stm32f4xx_rcc.c...
compiling stm32f4xx_gpio.c...
compiling stm32f4xx_usart.c...
compiling stm32f4_delay.c...
compiling QCopterMV_LED.c...
compiling QCopterMV_RS232.c...
compiling StringConvert.c...
linking...
Program Size: Code=5212 RO-data=424 RW-data=36 ZI-data=1836  
".\Obj\Project_Test_UART.axf" - 0 Error(s), 0 Warning(s).
Load "C:\\Users\\David Wu\\Documents\\GitHub\\Project-Voice\\Test and Simulation\\STM32F4xx Function Test\\QCopterMachineVision Board\\TEST_QCopterMV_USART\\Project_QCMV_Test\\Obj\\Project_Test_UART.axf" 
Set JLink Project File to "C:\Users\David Wu\Documents\GitHub\Project-Voice\Test and Simulation\STM32F4xx Function Test\QCopterMachineVision Board\TEST_QCopterMV_USART\Project_QCMV_Test\JLinkSettings.ini"
* JLink Info: Device "STM32F407VG" selected (1024 KB flash, 128 KB RAM).
 
JLink info:
------------
DLL: V4.68a, compiled Apr 12 2013 13:26:50
Firmware: J-Link ARM V8 compiled Nov 14 2012 22:34:52
Hardware: V8.00
S/N : 168520 
Feature(s) : RDI,FlashDL,FlashBP,JFlash,GDBFull 
 
* JLink Info: Found SWD-DP with ID 0x2BA01477
* JLink Info: Found SWD-DP with ID 0x2BA01477
* JLink Info: TPIU fitted.
* JLink Info: ETM fitted.
* JLink Info: FPUnit: 6 code (BP) slots and 2 literal slots
* JLink Info: Found Cortex-M4 r0p1, Little endian.
ROMTableAddr = 0xE00FF003
 
Target info:
------------
Device: STM32F407VG
VTarget = 3.293V
State of Pins: 
TCK: 0, TDI: 0, TDO: 0, TMS: 1, TRES: 1, TRST: 1
Hardware-Breakpoints: 6
Software-Breakpoints: 8192
Watchpoints:          4
JTAG speed: 2000 kHz
 
Erase Done.
Programming Done.
Verify OK.
Application running ...
Rebuild target 'Test_QCopterMV'
assembling startup_stm32f4xx.s...
compiling system_stm32f4xx.c...
compiling Test_UART_Main.c...
compiling stm32f4xx_rcc.c...
compiling stm32f4xx_gpio.c...
compiling stm32f4xx_usart.c...
compiling stm32f4_delay.c...
compiling QCopterMV_LED.c...
compiling QCopterMV_RS232.c...
compiling StringConvert.c...
linking...
Program Size: Code=5216 RO-data=424 RW-data=36 ZI-data=1836  
".\Obj\Project_Test_UART.axf" - 0 Error(s), 0 Warning(s).
Load "C:\\Users\\David Wu\\Documents\\GitHub\\Project-Voice\\Test and Simulation\\STM32F4xx Function Test\\QCopterMachineVision Board\\TEST_QCopterMV_USART\\Project_QCMV_Test\\Obj\\Project_Test_UART.axf" 
Set JLink Project File to "C:\Users\David Wu\Documents\GitHub\Project-Voice\Test and Simulation\STM32F4xx Function Test\QCopterMachineVision Board\TEST_QCopterMV_USART\Project_QCMV_Test\JLinkSettings.ini"
* JLink Info: Device "STM32F407VG" selected (1024 KB flash, 128 KB RAM).
 
JLink info:
------------
DLL: V4.68a, compiled Apr 12 2013 13:26:50
Firmware: J-Link ARM V8 compiled Nov 14 2012 22:34:52
Hardware: V8.00
S/N : 168520 
Feature(s) : RDI,FlashDL,FlashBP,JFlash,GDBFull 
 
* JLink Info: Found SWD-DP with ID 0x2BA01477
* JLink Info: Found SWD-DP with ID 0x2BA01477
* JLink Info: TPIU fitted.
* JLink Info: ETM fitted.
* JLink Info: FPUnit: 6 code (BP) slots and 2 literal slots
* JLink Info: Found Cortex-M4 r0p1, Little endian.
ROMTableAddr = 0xE00FF003
 
Target info:
------------
Device: STM32F407VG
VTarget = 3.293V
State of Pins: 
TCK: 0, TDI: 0, TDO: 0, TMS: 1, TRES: 1, TRST: 1
Hardware-Breakpoints: 6
Software-Breakpoints: 8192
Watchpoints:          4
JTAG speed: 2000 kHz
 
Erase Done.
Programming Done.
Verify OK.
Application running ...
Rebuild target 'Test_QCopterMV'
assembling startup_stm32f4xx.s...
compiling system_stm32f4xx.c...
compiling Test_UART_Main.c...
compiling stm32f4xx_rcc.c...
compiling stm32f4xx_gpio.c...
compiling stm32f4xx_usart.c...
compiling stm32f4_delay.c...
compiling QCopterMV_LED.c...
compiling QCopterMV_RS232.c...
compiling StringConvert.c...
linking...
Program Size: Code=5216 RO-data=424 RW-data=36 ZI-data=1836  
".\Obj\Project_Test_UART.axf" - 0 Error(s), 0 Warning(s).
Rebuild target 'Test_QCopterMV'
assembling startup_stm32f4xx.s...
compiling system_stm32f4xx.c...
compiling Test_UART_Main.c...
compiling stm32f4xx_rcc.c...
compiling stm32f4xx_gpio.c...
compiling stm32f4xx_usart.c...
compiling stm32f4_delay.c...
compiling QCopterMV_LED.c...
compiling QCopterMV_RS232.c...
compiling StringConvert.c...
linking...
Program Size: Code=5232 RO-data=424 RW-data=36 ZI-data=1836  
".\Obj\Project_Test_UART.axf" - 0 Error(s), 0 Warning(s).
Rebuild target 'Test_QCopterMV'
assembling startup_stm32f4xx.s...
compiling system_stm32f4xx.c...
compiling Test_UART_Main.c...
compiling stm32f4xx_rcc.c...
compiling stm32f4xx_gpio.c...
compiling stm32f4xx_usart.c...
compiling stm32f4_delay.c...
compiling QCopterMV_LED.c...
compiling QCopterMV_RS232.c...
compiling StringConvert.c...
linking...
Program Size: Code=5232 RO-data=424 RW-data=36 ZI-data=1836  
".\Obj\Project_Test_UART.axf" - 0 Error(s), 0 Warning(s).
Load "C:\\Users\\David Wu\\Documents\\GitHub\\Project-Voice\\Test and Simulation\\STM32F4xx Function Test\\QCopterMachineVision Board\\TEST_QCopterMV_USART\\Project_QCMV_Test\\Obj\\Project_Test_UART.axf" 
Set JLink Project File to "C:\Users\David Wu\Documents\GitHub\Project-Voice\Test and Simulation\STM32F4xx Function Test\QCopterMachineVision Board\TEST_QCopterMV_USART\Project_QCMV_Test\JLinkSettings.ini"
* JLink Info: Device "STM32F407VG" selected (1024 KB flash, 128 KB RAM).
 
JLink info:
------------
DLL: V4.68a, compiled Apr 12 2013 13:26:50
Firmware: J-Link ARM V8 compiled Nov 14 2012 22:34:52
Hardware: V8.00
S/N : 168520 
Feature(s) : RDI,FlashDL,FlashBP,JFlash,GDBFull 
 
* JLink Info: Found SWD-DP with ID 0x2BA01477
* JLink Info: Found SWD-DP with ID 0x2BA01477
* JLink Info: TPIU fitted.
* JLink Info: ETM fitted.
* JLink Info: FPUnit: 6 code (BP) slots and 2 literal slots
* JLink Info: Found Cortex-M4 r0p1, Little endian.
ROMTableAddr = 0xE00FF003
 
Target info:
------------
Device: STM32F407VG
VTarget = 3.293V
State of Pins: 
TCK: 0, TDI: 0, TDO: 0, TMS: 1, TRES: 1, TRST: 1
Hardware-Breakpoints: 6
Software-Breakpoints: 8192
Watchpoints:          4
JTAG speed: 2000 kHz
 
Erase Done.
Programming Done.
Verify OK.
Application running ...
Rebuild target 'Test_QCopterMV'
assembling startup_stm32f4xx.s...
compiling system_stm32f4xx.c...
compiling Test_UART_Main.c...
compiling stm32f4xx_rcc.c...
compiling stm32f4xx_gpio.c...
compiling stm32f4xx_usart.c...
compiling stm32f4_delay.c...
compiling QCopterMV_LED.c...
compiling QCopterMV_RS232.c...
compiling StringConvert.c...
linking...
Program Size: Code=5244 RO-data=424 RW-data=36 ZI-data=1836  
".\Obj\Project_Test_UART.axf" - 0 Error(s), 0 Warning(s).
Load "C:\\Users\\David Wu\\Documents\\GitHub\\Project-Voice\\Test and Simulation\\STM32F4xx Function Test\\QCopterMachineVision Board\\TEST_QCopterMV_USART\\Project_QCMV_Test\\Obj\\Project_Test_UART.axf" 
Set JLink Project File to "C:\Users\David Wu\Documents\GitHub\Project-Voice\Test and Simulation\STM32F4xx Function Test\QCopterMachineVision Board\TEST_QCopterMV_USART\Project_QCMV_Test\JLinkSettings.ini"
* JLink Info: Device "STM32F407VG" selected (1024 KB flash, 128 KB RAM).
 
JLink info:
------------
DLL: V4.68a, compiled Apr 12 2013 13:26:50
Firmware: J-Link ARM V8 compiled Nov 14 2012 22:34:52
Hardware: V8.00
S/N : 168520 
Feature(s) : RDI,FlashDL,FlashBP,JFlash,GDBFull 
 
* JLink Info: Found SWD-DP with ID 0x2BA01477
* JLink Info: Found SWD-DP with ID 0x2BA01477
* JLink Info: TPIU fitted.
* JLink Info: ETM fitted.
* JLink Info: FPUnit: 6 code (BP) slots and 2 literal slots
* JLink Info: Found Cortex-M4 r0p1, Little endian.
ROMTableAddr = 0xE00FF003
 
Target info:
------------
Device: STM32F407VG
VTarget = 3.293V
State of Pins: 
TCK: 0, TDI: 0, TDO: 0, TMS: 1, TRES: 1, TRST: 1
Hardware-Breakpoints: 6
Software-Breakpoints: 8192
Watchpoints:          4
JTAG speed: 2000 kHz
 
Erase Done.
Programming Done.
Verify OK.
Application running ...
compiling StringConvert.c...
..\Program\StringConvert.c - 0 Error(s), 0 Warning(s).
Rebuild target 'Test_QCopterMV'
assembling startup_stm32f4xx.s...
compiling system_stm32f4xx.c...
compiling Test_UART_Main.c...
compiling stm32f4xx_rcc.c...
compiling stm32f4xx_gpio.c...
compiling stm32f4xx_usart.c...
compiling stm32f4_delay.c...
compiling QCopterMV_LED.c...
compiling QCopterMV_RS232.c...
compiling StringConvert.c...
linking...
Program Size: Code=5248 RO-data=424 RW-data=36 ZI-data=1836  
".\Obj\Project_Test_UART.axf" - 0 Error(s), 0 Warning(s).
Load "C:\\Users\\David Wu\\Documents\\GitHub\\Project-Voice\\Test and Simulation\\STM32F4xx Function Test\\QCopterMachineVision Board\\TEST_QCopterMV_USART\\Project_QCMV_Test\\Obj\\Project_Test_UART.axf" 
Set JLink Project File to "C:\Users\David Wu\Documents\GitHub\Project-Voice\Test and Simulation\STM32F4xx Function Test\QCopterMachineVision Board\TEST_QCopterMV_USART\Project_QCMV_Test\JLinkSettings.ini"
* JLink Info: Device "STM32F407VG" selected (1024 KB flash, 128 KB RAM).
 
JLink info:
------------
DLL: V4.68a, compiled Apr 12 2013 13:26:50
Firmware: J-Link ARM V8 compiled Nov 14 2012 22:34:52
Hardware: V8.00
S/N : 168520 
Feature(s) : RDI,FlashDL,FlashBP,JFlash,GDBFull 
 
* JLink Info: Found SWD-DP with ID 0x2BA01477
* JLink Info: Found SWD-DP with ID 0x2BA01477
* JLink Info: TPIU fitted.
* JLink Info: ETM fitted.
* JLink Info: FPUnit: 6 code (BP) slots and 2 literal slots
* JLink Info: Found Cortex-M4 r0p1, Little endian.
ROMTableAddr = 0xE00FF003
 
Target info:
------------
Device: STM32F407VG
VTarget = 3.293V
State of Pins: 
TCK: 0, TDI: 0, TDO: 0, TMS: 1, TRES: 1, TRST: 1
Hardware-Breakpoints: 6
Software-Breakpoints: 8192
Watchpoints:          4
JTAG speed: 2000 kHz
 
Erase Done.
Programming Done.
Verify OK.
Application running ...
Rebuild target 'Test_QCopterMV'
assembling startup_stm32f4xx.s...
compiling system_stm32f4xx.c...
compiling Test_UART_Main.c...
compiling stm32f4xx_rcc.c...
compiling stm32f4xx_gpio.c...
compiling stm32f4xx_usart.c...
compiling stm32f4_delay.c...
compiling QCopterMV_LED.c...
compiling QCopterMV_RS232.c...
compiling StringConvert.c...
linking...
Program Size: Code=5264 RO-data=424 RW-data=36 ZI-data=1836  
".\Obj\Project_Test_UART.axf" - 0 Error(s), 0 Warning(s).
Load "C:\\Users\\David Wu\\Documents\\GitHub\\Project-Voice\\Test and Simulation\\STM32F4xx Function Test\\QCopterMachineVision Board\\TEST_QCopterMV_USART\\Project_QCMV_Test\\Obj\\Project_Test_UART.axf" 
Set JLink Project File to "C:\Users\David Wu\Documents\GitHub\Project-Voice\Test and Simulation\STM32F4xx Function Test\QCopterMachineVision Board\TEST_QCopterMV_USART\Project_QCMV_Test\JLinkSettings.ini"
* JLink Info: Device "STM32F407VG" selected (1024 KB flash, 128 KB RAM).
 
JLink info:
------------
DLL: V4.68a, compiled Apr 12 2013 13:26:50
Firmware: J-Link ARM V8 compiled Nov 14 2012 22:34:52
Hardware: V8.00
S/N : 168520 
Feature(s) : RDI,FlashDL,FlashBP,JFlash,GDBFull 
 
* JLink Info: Found SWD-DP with ID 0x2BA01477
* JLink Info: Found SWD-DP with ID 0x2BA01477
* JLink Info: TPIU fitted.
* JLink Info: ETM fitted.
* JLink Info: FPUnit: 6 code (BP) slots and 2 literal slots
* JLink Info: Found Cortex-M4 r0p1, Little endian.
ROMTableAddr = 0xE00FF003
 
Target info:
------------
Device: STM32F407VG
VTarget = 3.293V
State of Pins: 
TCK: 0, TDI: 0, TDO: 0, TMS: 1, TRES: 1, TRST: 1
Hardware-Breakpoints: 6
Software-Breakpoints: 8192
Watchpoints:          4
JTAG speed: 2000 kHz
 
Erase Done.
Programming Done.
Verify OK.
Application running ...
compiling StringConvert.c...
..\Program\StringConvert.c - 0 Error(s), 0 Warning(s).
Rebuild target 'Test_QCopterMV'
assembling startup_stm32f4xx.s...
compiling system_stm32f4xx.c...
compiling Test_UART_Main.c...
compiling stm32f4xx_rcc.c...
compiling stm32f4xx_gpio.c...
compiling stm32f4xx_usart.c...
compiling stm32f4_delay.c...
compiling QCopterMV_LED.c...
compiling QCopterMV_RS232.c...
compiling StringConvert.c...
linking...
Program Size: Code=5248 RO-data=424 RW-data=36 ZI-data=1836  
".\Obj\Project_Test_UART.axf" - 0 Error(s), 0 Warning(s).
Load "C:\\Users\\David Wu\\Documents\\GitHub\\Project-Voice\\Test and Simulation\\STM32F4xx Function Test\\QCopterMachineVision Board\\TEST_QCopterMV_USART\\Project_QCMV_Test\\Obj\\Project_Test_UART.axf" 
Set JLink Project File to "C:\Users\David Wu\Documents\GitHub\Project-Voice\Test and Simulation\STM32F4xx Function Test\QCopterMachineVision Board\TEST_QCopterMV_USART\Project_QCMV_Test\JLinkSettings.ini"
* JLink Info: Device "STM32F407VG" selected (1024 KB flash, 128 KB RAM).
 
JLink info:
------------
DLL: V4.68a, compiled Apr 12 2013 13:26:50
Firmware: J-Link ARM V8 compiled Nov 14 2012 22:34:52
Hardware: V8.00
S/N : 168520 
Feature(s) : RDI,FlashDL,FlashBP,JFlash,GDBFull 
 
* JLink Info: Found SWD-DP with ID 0x2BA01477
* JLink Info: Found SWD-DP with ID 0x2BA01477
* JLink Info: TPIU fitted.
* JLink Info: ETM fitted.
* JLink Info: FPUnit: 6 code (BP) slots and 2 literal slots
* JLink Info: Found Cortex-M4 r0p1, Little endian.
ROMTableAddr = 0xE00FF003
 
Target info:
------------
Device: STM32F407VG
VTarget = 3.293V
State of Pins: 
TCK: 0, TDI: 0, TDO: 0, TMS: 1, TRES: 1, TRST: 1
Hardware-Breakpoints: 6
Software-Breakpoints: 8192
Watchpoints:          4
JTAG speed: 2000 kHz
 
Erase Done.
Programming Done.
Verify OK.
Application running ...
compiling StringConvert.c...
..\Program\StringConvert.c - 0 Error(s), 0 Warning(s).
Rebuild target 'Test_QCopterMV'
assembling startup_stm32f4xx.s...
compiling system_stm32f4xx.c...
compiling Test_UART_Main.c...
compiling stm32f4xx_rcc.c...
compiling stm32f4xx_gpio.c...
compiling stm32f4xx_usart.c...
compiling stm32f4_delay.c...
compiling QCopterMV_LED.c...
compiling QCopterMV_RS232.c...
compiling StringConvert.c...
linking...
Program Size: Code=5260 RO-data=424 RW-data=36 ZI-data=1836  
".\Obj\Project_Test_UART.axf" - 0 Error(s), 0 Warning(s).
Load "C:\\Users\\David Wu\\Documents\\GitHub\\Project-Voice\\Test and Simulation\\STM32F4xx Function Test\\QCopterMachineVision Board\\TEST_QCopterMV_USART\\Project_QCMV_Test\\Obj\\Project_Test_UART.axf" 
Set JLink Project File to "C:\Users\David Wu\Documents\GitHub\Project-Voice\Test and Simulation\STM32F4xx Function Test\QCopterMachineVision Board\TEST_QCopterMV_USART\Project_QCMV_Test\JLinkSettings.ini"
* JLink Info: Device "STM32F407VG" selected (1024 KB flash, 128 KB RAM).
 
JLink info:
------------
DLL: V4.68a, compiled Apr 12 2013 13:26:50
Firmware: J-Link ARM V8 compiled Nov 14 2012 22:34:52
Hardware: V8.00
S/N : 168520 
Feature(s) : RDI,FlashDL,FlashBP,JFlash,GDBFull 
 
* JLink Info: Found SWD-DP with ID 0x2BA01477
* JLink Info: Found SWD-DP with ID 0x2BA01477
* JLink Info: TPIU fitted.
* JLink Info: ETM fitted.
* JLink Info: FPUnit: 6 code (BP) slots and 2 literal slots
* JLink Info: Found Cortex-M4 r0p1, Little endian.
ROMTableAddr = 0xE00FF003
 
Target info:
------------
Device: STM32F407VG
VTarget = 3.293V
State of Pins: 
TCK: 0, TDI: 0, TDO: 0, TMS: 1, TRES: 1, TRST: 1
Hardware-Breakpoints: 6
Software-Breakpoints: 8192
Watchpoints:          4
JTAG speed: 2000 kHz
 
Erase Done.
Programming Done.
Verify OK.
Application running ...
Rebuild target 'Test_QCopterMV'
assembling startup_stm32f4xx.s...
compiling system_stm32f4xx.c...
compiling Test_UART_Main.c...
compiling stm32f4xx_rcc.c...
compiling stm32f4xx_gpio.c...
compiling stm32f4xx_usart.c...
compiling stm32f4_delay.c...
compiling QCopterMV_LED.c...
compiling QCopterMV_RS232.c...
compiling StringConvert.c...
linking...
Program Size: Code=5256 RO-data=424 RW-data=36 ZI-data=1836  
".\Obj\Project_Test_UART.axf" - 0 Error(s), 0 Warning(s).
Load "C:\\Users\\David Wu\\Documents\\GitHub\\Project-Voice\\Test and Simulation\\STM32F4xx Function Test\\QCopterMachineVision Board\\TEST_QCopterMV_USART\\Project_QCMV_Test\\Obj\\Project_Test_UART.axf" 
Set JLink Project File to "C:\Users\David Wu\Documents\GitHub\Project-Voice\Test and Simulation\STM32F4xx Function Test\QCopterMachineVision Board\TEST_QCopterMV_USART\Project_QCMV_Test\JLinkSettings.ini"
* JLink Info: Device "STM32F407VG" selected (1024 KB flash, 128 KB RAM).
 
JLink info:
------------
DLL: V4.68a, compiled Apr 12 2013 13:26:50
Firmware: J-Link ARM V8 compiled Nov 14 2012 22:34:52
Hardware: V8.00
S/N : 168520 
Feature(s) : RDI,FlashDL,FlashBP,JFlash,GDBFull 
 
* JLink Info: Found SWD-DP with ID 0x2BA01477
* JLink Info: Found SWD-DP with ID 0x2BA01477
* JLink Info: TPIU fitted.
* JLink Info: ETM fitted.
* JLink Info: FPUnit: 6 code (BP) slots and 2 literal slots
* JLink Info: Found Cortex-M4 r0p1, Little endian.
ROMTableAddr = 0xE00FF003
 
Target info:
------------
Device: STM32F407VG
VTarget = 3.293V
State of Pins: 
TCK: 0, TDI: 0, TDO: 0, TMS: 1, TRES: 1, TRST: 1
Hardware-Breakpoints: 6
Software-Breakpoints: 8192
Watchpoints:          4
JTAG speed: 2000 kHz
 
Erase Done.
Programming Done.
Verify OK.
Application running ...
Rebuild target 'Test_QCopterMV'
assembling startup_stm32f4xx.s...
compiling system_stm32f4xx.c...
compiling Test_UART_Main.c...
compiling stm32f4xx_rcc.c...
compiling stm32f4xx_gpio.c...
compiling stm32f4xx_usart.c...
compiling stm32f4_delay.c...
compiling QCopterMV_LED.c...
compiling QCopterMV_RS232.c...
compiling StringConvert.c...
linking...
Program Size: Code=5260 RO-data=424 RW-data=36 ZI-data=1836  
".\Obj\Project_Test_UART.axf" - 0 Error(s), 0 Warning(s).
Load "C:\\Users\\David Wu\\Documents\\GitHub\\Project-Voice\\Test and Simulation\\STM32F4xx Function Test\\QCopterMachineVision Board\\TEST_QCopterMV_USART\\Project_QCMV_Test\\Obj\\Project_Test_UART.axf" 
Set JLink Project File to "C:\Users\David Wu\Documents\GitHub\Project-Voice\Test and Simulation\STM32F4xx Function Test\QCopterMachineVision Board\TEST_QCopterMV_USART\Project_QCMV_Test\JLinkSettings.ini"
* JLink Info: Device "STM32F407VG" selected (1024 KB flash, 128 KB RAM).
 
JLink info:
------------
DLL: V4.68a, compiled Apr 12 2013 13:26:50
Firmware: J-Link ARM V8 compiled Nov 14 2012 22:34:52
Hardware: V8.00
S/N : 168520 
Feature(s) : RDI,FlashDL,FlashBP,JFlash,GDBFull 
 
* JLink Info: Found SWD-DP with ID 0x2BA01477
* JLink Info: Found SWD-DP with ID 0x2BA01477
* JLink Info: TPIU fitted.
* JLink Info: ETM fitted.
* JLink Info: FPUnit: 6 code (BP) slots and 2 literal slots
* JLink Info: Found Cortex-M4 r0p1, Little endian.
ROMTableAddr = 0xE00FF003
 
Target info:
------------
Device: STM32F407VG
VTarget = 3.293V
State of Pins: 
TCK: 0, TDI: 0, TDO: 0, TMS: 1, TRES: 1, TRST: 1
Hardware-Breakpoints: 6
Software-Breakpoints: 8192
Watchpoints:          4
JTAG speed: 2000 kHz
 
Erase Done.
Programming Done.
Verify OK.
Application running ...
Rebuild target 'Test_QCopterMV'
assembling startup_stm32f4xx.s...
compiling system_stm32f4xx.c...
compiling Test_UART_Main.c...
compiling stm32f4xx_rcc.c...
compiling stm32f4xx_gpio.c...
compiling stm32f4xx_usart.c...
compiling stm32f4_delay.c...
compiling QCopterMV_LED.c...
compiling QCopterMV_RS232.c...
compiling StringConvert.c...
linking...
Program Size: Code=5260 RO-data=424 RW-data=36 ZI-data=1836  
".\Obj\Project_Test_UART.axf" - 0 Error(s), 0 Warning(s).
Load "C:\\Users\\David Wu\\Documents\\GitHub\\Project-Voice\\Test and Simulation\\STM32F4xx Function Test\\QCopterMachineVision Board\\TEST_QCopterMV_USART\\Project_QCMV_Test\\Obj\\Project_Test_UART.axf" 
Set JLink Project File to "C:\Users\David Wu\Documents\GitHub\Project-Voice\Test and Simulation\STM32F4xx Function Test\QCopterMachineVision Board\TEST_QCopterMV_USART\Project_QCMV_Test\JLinkSettings.ini"
* JLink Info: Device "STM32F407VG" selected (1024 KB flash, 128 KB RAM).
 
JLink info:
------------
DLL: V4.68a, compiled Apr 12 2013 13:26:50
Firmware: J-Link ARM V8 compiled Nov 14 2012 22:34:52
Hardware: V8.00
S/N : 168520 
Feature(s) : RDI,FlashDL,FlashBP,JFlash,GDBFull 
 
* JLink Info: Found SWD-DP with ID 0x2BA01477
* JLink Info: Found SWD-DP with ID 0x2BA01477
* JLink Info: TPIU fitted.
* JLink Info: ETM fitted.
* JLink Info: FPUnit: 6 code (BP) slots and 2 literal slots
* JLink Info: Found Cortex-M4 r0p1, Little endian.
ROMTableAddr = 0xE00FF003
 
Target info:
------------
Device: STM32F407VG
VTarget = 3.293V
State of Pins: 
TCK: 0, TDI: 0, TDO: 0, TMS: 1, TRES: 1, TRST: 1
Hardware-Breakpoints: 6
Software-Breakpoints: 8192
Watchpoints:          4
JTAG speed: 2000 kHz
 
Erase Done.
Programming Done.
Verify OK.
Application running ...
compiling StringConvert.c...
..\Program\StringConvert.c - 0 Error(s), 0 Warning(s).
Rebuild target 'Test_QCopterMV'
assembling startup_stm32f4xx.s...
compiling system_stm32f4xx.c...
compiling Test_UART_Main.c...
compiling stm32f4xx_rcc.c...
compiling stm32f4xx_gpio.c...
compiling stm32f4xx_usart.c...
compiling stm32f4_delay.c...
compiling QCopterMV_LED.c...
compiling QCopterMV_RS232.c...
compiling StringConvert.c...
linking...
Program Size: Code=5244 RO-data=424 RW-data=36 ZI-data=1836  
".\Obj\Project_Test_UART.axf" - 0 Error(s), 0 Warning(s).
Load "C:\\Users\\David Wu\\Documents\\GitHub\\Project-Voice\\Test and Simulation\\STM32F4xx Function Test\\QCopterMachineVision Board\\TEST_QCopterMV_USART\\Project_QCMV_Test\\Obj\\Project_Test_UART.axf" 
Set JLink Project File to "C:\Users\David Wu\Documents\GitHub\Project-Voice\Test and Simulation\STM32F4xx Function Test\QCopterMachineVision Board\TEST_QCopterMV_USART\Project_QCMV_Test\JLinkSettings.ini"
* JLink Info: Device "STM32F407VG" selected (1024 KB flash, 128 KB RAM).
 
JLink info:
------------
DLL: V4.68a, compiled Apr 12 2013 13:26:50
Firmware: J-Link ARM V8 compiled Nov 14 2012 22:34:52
Hardware: V8.00
S/N : 168520 
Feature(s) : RDI,FlashDL,FlashBP,JFlash,GDBFull 
 
* JLink Info: Found SWD-DP with ID 0x2BA01477
* JLink Info: Found SWD-DP with ID 0x2BA01477
* JLink Info: TPIU fitted.
* JLink Info: ETM fitted.
* JLink Info: FPUnit: 6 code (BP) slots and 2 literal slots
* JLink Info: Found Cortex-M4 r0p1, Little endian.
ROMTableAddr = 0xE00FF003
 
Target info:
------------
Device: STM32F407VG
VTarget = 3.293V
State of Pins: 
TCK: 0, TDI: 0, TDO: 0, TMS: 1, TRES: 1, TRST: 1
Hardware-Breakpoints: 6
Software-Breakpoints: 8192
Watchpoints:          4
JTAG speed: 2000 kHz
 
Erase Done.
Programming Done.
Verify OK.
Application running ...
Rebuild target 'Test_QCopterMV'
assembling startup_stm32f4xx.s...
compiling system_stm32f4xx.c...
compiling Test_UART_Main.c...
compiling stm32f4xx_rcc.c...
compiling stm32f4xx_gpio.c...
compiling stm32f4xx_usart.c...
compiling stm32f4_delay.c...
compiling QCopterMV_LED.c...
compiling QCopterMV_RS232.c...
compiling StringConvert.c...
..\Program\StringConvert.c(72): error:  #20: identifier "isConvert" is undefined
..\Program\StringConvert.c(93): error:  #20: identifier "isConvert" is undefined
..\Program\StringConvert.c(118): warning:  #1166-D: returning pointer to local variable
..\Program\StringConvert.c(126): warning:  #1166-D: returning pointer to local variable
Target not created
Rebuild target 'Test_QCopterMV'
assembling startup_stm32f4xx.s...
compiling system_stm32f4xx.c...
compiling Test_UART_Main.c...
compiling stm32f4xx_rcc.c...
compiling stm32f4xx_gpio.c...
compiling stm32f4xx_usart.c...
compiling stm32f4_delay.c...
compiling QCopterMV_LED.c...
compiling QCopterMV_RS232.c...
compiling StringConvert.c...
..\Program\StringConvert.c(93): error:  #20: identifier "isConvert" is undefined
..\Program\StringConvert.c(118): warning:  #1166-D: returning pointer to local variable
..\Program\StringConvert.c(126): warning:  #1166-D: returning pointer to local variable
Target not created
Build target 'Test_QCopterMV'
compiling StringConvert.c...
..\Program\StringConvert.c(118): warning:  #1166-D: returning pointer to local variable
..\Program\StringConvert.c(126): warning:  #1166-D: returning pointer to local variable
linking...
Program Size: Code=5284 RO-data=424 RW-data=36 ZI-data=1636  
".\Obj\Project_Test_UART.axf" - 0 Error(s), 2 Warning(s).
Rebuild target 'Test_QCopterMV'
assembling startup_stm32f4xx.s...
compiling system_stm32f4xx.c...
compiling Test_UART_Main.c...
compiling stm32f4xx_rcc.c...
compiling stm32f4xx_gpio.c...
compiling stm32f4xx_usart.c...
compiling stm32f4_delay.c...
compiling QCopterMV_LED.c...
compiling QCopterMV_RS232.c...
compiling StringConvert.c...
..\Program\StringConvert.c(118): warning:  #1166-D: returning pointer to local variable
..\Program\StringConvert.c(126): warning:  #1166-D: returning pointer to local variable
linking...
Program Size: Code=5284 RO-data=424 RW-data=36 ZI-data=1636  
".\Obj\Project_Test_UART.axf" - 0 Error(s), 2 Warning(s).
Rebuild target 'Test_QCopterMV'
assembling startup_stm32f4xx.s...
compiling system_stm32f4xx.c...
compiling Test_UART_Main.c...
compiling stm32f4xx_rcc.c...
compiling stm32f4xx_gpio.c...
compiling stm32f4xx_usart.c...
compiling stm32f4_delay.c...
compiling QCopterMV_LED.c...
compiling QCopterMV_RS232.c...
compiling StringConvert.c...
..\Program\StringConvert.c(118): warning:  #1166-D: returning pointer to local variable
..\Program\StringConvert.c(126): warning:  #1166-D: returning pointer to local variable
linking...
Program Size: Code=5284 RO-data=424 RW-data=36 ZI-data=1636  
".\Obj\Project_Test_UART.axf" - 0 Error(s), 2 Warning(s).
Load "C:\\Users\\David Wu\\Documents\\GitHub\\Project-Voice\\Test and Simulation\\STM32F4xx Function Test\\QCopterMachineVision Board\\TEST_QCopterMV_USART\\Project_QCMV_Test\\Obj\\Project_Test_UART.axf" 
Set JLink Project File to "C:\Users\David Wu\Documents\GitHub\Project-Voice\Test and Simulation\STM32F4xx Function Test\QCopterMachineVision Board\TEST_QCopterMV_USART\Project_QCMV_Test\JLinkSettings.ini"
* JLink Info: Device "STM32F407VG" selected (1024 KB flash, 128 KB RAM).
 
JLink info:
------------
DLL: V4.68a, compiled Apr 12 2013 13:26:50
Firmware: J-Link ARM V8 compiled Nov 14 2012 22:34:52
Hardware: V8.00
S/N : 168520 
Feature(s) : RDI,FlashDL,FlashBP,JFlash,GDBFull 
 
* JLink Info: Found SWD-DP with ID 0x2BA01477
* JLink Info: Found SWD-DP with ID 0x2BA01477
* JLink Info: TPIU fitted.
* JLink Info: ETM fitted.
* JLink Info: FPUnit: 6 code (BP) slots and 2 literal slots
* JLink Info: Found Cortex-M4 r0p1, Little endian.
ROMTableAddr = 0xE00FF003
 
Target info:
------------
Device: STM32F407VG
VTarget = 3.293V
State of Pins: 
TCK: 0, TDI: 0, TDO: 0, TMS: 1, TRES: 1, TRST: 1
Hardware-Breakpoints: 6
Software-Breakpoints: 8192
Watchpoints:          4
JTAG speed: 2000 kHz
 
Erase Done.
Programming Done.
Verify OK.
Application running ...
Rebuild target 'Test_QCopterMV'
assembling startup_stm32f4xx.s...
compiling system_stm32f4xx.c...
compiling Test_UART_Main.c...
compiling stm32f4xx_rcc.c...
compiling stm32f4xx_gpio.c...
compiling stm32f4xx_usart.c...
compiling stm32f4_delay.c...
compiling QCopterMV_LED.c...
compiling QCopterMV_RS232.c...
compiling StringConvert.c...
..\Program\StringConvert.c(118): warning:  #1166-D: returning pointer to local variable
..\Program\StringConvert.c(126): warning:  #1166-D: returning pointer to local variable
linking...
Program Size: Code=5276 RO-data=424 RW-data=36 ZI-data=1636  
".\Obj\Project_Test_UART.axf" - 0 Error(s), 2 Warning(s).
Load "C:\\Users\\David Wu\\Documents\\GitHub\\Project-Voice\\Test and Simulation\\STM32F4xx Function Test\\QCopterMachineVision Board\\TEST_QCopterMV_USART\\Project_QCMV_Test\\Obj\\Project_Test_UART.axf" 
Set JLink Project File to "C:\Users\David Wu\Documents\GitHub\Project-Voice\Test and Simulation\STM32F4xx Function Test\QCopterMachineVision Board\TEST_QCopterMV_USART\Project_QCMV_Test\JLinkSettings.ini"
* JLink Info: Device "STM32F407VG" selected (1024 KB flash, 128 KB RAM).
 
JLink info:
------------
DLL: V4.68a, compiled Apr 12 2013 13:26:50
Firmware: J-Link ARM V8 compiled Nov 14 2012 22:34:52
Hardware: V8.00
S/N : 168520 
Feature(s) : RDI,FlashDL,FlashBP,JFlash,GDBFull 
 
* JLink Info: Found SWD-DP with ID 0x2BA01477
* JLink Info: Found SWD-DP with ID 0x2BA01477
* JLink Info: TPIU fitted.
* JLink Info: ETM fitted.
* JLink Info: FPUnit: 6 code (BP) slots and 2 literal slots
* JLink Info: Found Cortex-M4 r0p1, Little endian.
ROMTableAddr = 0xE00FF003
 
Target info:
------------
Device: STM32F407VG
VTarget = 3.293V
State of Pins: 
TCK: 0, TDI: 0, TDO: 0, TMS: 1, TRES: 1, TRST: 1
Hardware-Breakpoints: 6
Software-Breakpoints: 8192
Watchpoints:          4
JTAG speed: 2000 kHz
 
Erase Done.
Programming Done.
Verify OK.
Application running ...
Rebuild target 'Test_QCopterMV'
assembling startup_stm32f4xx.s...
compiling system_stm32f4xx.c...
compiling Test_UART_Main.c...
compiling stm32f4xx_rcc.c...
compiling stm32f4xx_gpio.c...
compiling stm32f4xx_usart.c...
compiling stm32f4_delay.c...
compiling QCopterMV_LED.c...
compiling QCopterMV_RS232.c...
compiling StringConvert.c...
..\Program\StringConvert.c(118): warning:  #1166-D: returning pointer to local variable
..\Program\StringConvert.c(126): warning:  #1166-D: returning pointer to local variable
linking...
Program Size: Code=5252 RO-data=424 RW-data=36 ZI-data=1636  
".\Obj\Project_Test_UART.axf" - 0 Error(s), 2 Warning(s).
Load "C:\\Users\\David Wu\\Documents\\GitHub\\Project-Voice\\Test and Simulation\\STM32F4xx Function Test\\QCopterMachineVision Board\\TEST_QCopterMV_USART\\Project_QCMV_Test\\Obj\\Project_Test_UART.axf" 
Set JLink Project File to "C:\Users\David Wu\Documents\GitHub\Project-Voice\Test and Simulation\STM32F4xx Function Test\QCopterMachineVision Board\TEST_QCopterMV_USART\Project_QCMV_Test\JLinkSettings.ini"
* JLink Info: Device "STM32F407VG" selected (1024 KB flash, 128 KB RAM).
 
JLink info:
------------
DLL: V4.68a, compiled Apr 12 2013 13:26:50
Firmware: J-Link ARM V8 compiled Nov 14 2012 22:34:52
Hardware: V8.00
S/N : 168520 
Feature(s) : RDI,FlashDL,FlashBP,JFlash,GDBFull 
 
* JLink Info: Found SWD-DP with ID 0x2BA01477
* JLink Info: Found SWD-DP with ID 0x2BA01477
* JLink Info: TPIU fitted.
* JLink Info: ETM fitted.
* JLink Info: FPUnit: 6 code (BP) slots and 2 literal slots
* JLink Info: Found Cortex-M4 r0p1, Little endian.
ROMTableAddr = 0xE00FF003
 
Target info:
------------
Device: STM32F407VG
VTarget = 3.293V
State of Pins: 
TCK: 0, TDI: 0, TDO: 0, TMS: 1, TRES: 1, TRST: 1
Hardware-Breakpoints: 6
Software-Breakpoints: 8192
Watchpoints:          4
JTAG speed: 2000 kHz
 
Erase Done.
Programming Done.
Verify OK.
Application running ...
Rebuild target 'Test_QCopterMV'
assembling startup_stm32f4xx.s...
compiling system_stm32f4xx.c...
compiling Test_UART_Main.c...
compiling stm32f4xx_rcc.c...
compiling stm32f4xx_gpio.c...
compiling stm32f4xx_usart.c...
compiling stm32f4_delay.c...
compiling QCopterMV_LED.c...
compiling QCopterMV_RS232.c...
compiling StringConvert.c...
..\Program\StringConvert.c(122): warning:  #1166-D: returning pointer to local variable
..\Program\StringConvert.c(130): warning:  #1166-D: returning pointer to local variable
linking...
Program Size: Code=5304 RO-data=424 RW-data=36 ZI-data=1636  
".\Obj\Project_Test_UART.axf" - 0 Error(s), 2 Warning(s).
Load "C:\\Users\\David Wu\\Documents\\GitHub\\Project-Voice\\Test and Simulation\\STM32F4xx Function Test\\QCopterMachineVision Board\\TEST_QCopterMV_USART\\Project_QCMV_Test\\Obj\\Project_Test_UART.axf" 
Set JLink Project File to "C:\Users\David Wu\Documents\GitHub\Project-Voice\Test and Simulation\STM32F4xx Function Test\QCopterMachineVision Board\TEST_QCopterMV_USART\Project_QCMV_Test\JLinkSettings.ini"
* JLink Info: Device "STM32F407VG" selected (1024 KB flash, 128 KB RAM).
 
JLink info:
------------
DLL: V4.68a, compiled Apr 12 2013 13:26:50
Firmware: J-Link ARM V8 compiled Nov 14 2012 22:34:52
Hardware: V8.00
S/N : 168520 
Feature(s) : RDI,FlashDL,FlashBP,JFlash,GDBFull 
 
* JLink Info: Found SWD-DP with ID 0x2BA01477
* JLink Info: Found SWD-DP with ID 0x2BA01477
* JLink Info: TPIU fitted.
* JLink Info: ETM fitted.
* JLink Info: FPUnit: 6 code (BP) slots and 2 literal slots
* JLink Info: Found Cortex-M4 r0p1, Little endian.
ROMTableAddr = 0xE00FF003
 
Target info:
------------
Device: STM32F407VG
VTarget = 3.293V
State of Pins: 
TCK: 0, TDI: 0, TDO: 0, TMS: 1, TRES: 1, TRST: 1
Hardware-Breakpoints: 6
Software-Breakpoints: 8192
Watchpoints:          4
JTAG speed: 2000 kHz
 
Erase Done.
Programming Done.
Verify OK.
Application running ...
Rebuild target 'Test_QCopterMV'
assembling startup_stm32f4xx.s...
compiling system_stm32f4xx.c...
compiling Test_UART_Main.c...
compiling stm32f4xx_rcc.c...
compiling stm32f4xx_gpio.c...
compiling stm32f4xx_usart.c...
compiling stm32f4_delay.c...
compiling QCopterMV_LED.c...
compiling QCopterMV_RS232.c...
compiling StringConvert.c...
..\Program\StringConvert.c(122): warning:  #1166-D: returning pointer to local variable
..\Program\StringConvert.c(130): warning:  #1166-D: returning pointer to local variable
linking...
Program Size: Code=5304 RO-data=424 RW-data=36 ZI-data=1636  
".\Obj\Project_Test_UART.axf" - 0 Error(s), 2 Warning(s).
Load "C:\\Users\\David Wu\\Documents\\GitHub\\Project-Voice\\Test and Simulation\\STM32F4xx Function Test\\QCopterMachineVision Board\\TEST_QCopterMV_USART\\Project_QCMV_Test\\Obj\\Project_Test_UART.axf" 
Set JLink Project File to "C:\Users\David Wu\Documents\GitHub\Project-Voice\Test and Simulation\STM32F4xx Function Test\QCopterMachineVision Board\TEST_QCopterMV_USART\Project_QCMV_Test\JLinkSettings.ini"
* JLink Info: Device "STM32F407VG" selected (1024 KB flash, 128 KB RAM).
 
JLink info:
------------
DLL: V4.68a, compiled Apr 12 2013 13:26:50
Firmware: J-Link ARM V8 compiled Nov 14 2012 22:34:52
Hardware: V8.00
S/N : 168520 
Feature(s) : RDI,FlashDL,FlashBP,JFlash,GDBFull 
 
* JLink Info: Found SWD-DP with ID 0x2BA01477
* JLink Info: Found SWD-DP with ID 0x2BA01477
* JLink Info: TPIU fitted.
* JLink Info: ETM fitted.
* JLink Info: FPUnit: 6 code (BP) slots and 2 literal slots
* JLink Info: Found Cortex-M4 r0p1, Little endian.
ROMTableAddr = 0xE00FF003
 
Target info:
------------
Device: STM32F407VG
VTarget = 3.293V
State of Pins: 
TCK: 0, TDI: 0, TDO: 0, TMS: 1, TRES: 1, TRST: 1
Hardware-Breakpoints: 6
Software-Breakpoints: 8192
Watchpoints:          4
JTAG speed: 2000 kHz
 
Erase Done.
Programming Done.
Verify OK.
Application running ...
Rebuild target 'Test_QCopterMV'
assembling startup_stm32f4xx.s...
compiling system_stm32f4xx.c...
compiling Test_UART_Main.c...
compiling stm32f4xx_rcc.c...
compiling stm32f4xx_gpio.c...
compiling stm32f4xx_usart.c...
compiling stm32f4_delay.c...
compiling QCopterMV_LED.c...
compiling QCopterMV_RS232.c...
compiling StringConvert.c...
..\Program\StringConvert.c(124): warning:  #1166-D: returning pointer to local variable
..\Program\StringConvert.c(132): warning:  #1166-D: returning pointer to local variable
linking...
Program Size: Code=5312 RO-data=424 RW-data=36 ZI-data=1636  
".\Obj\Project_Test_UART.axf" - 0 Error(s), 2 Warning(s).
Load "C:\\Users\\David Wu\\Documents\\GitHub\\Project-Voice\\Test and Simulation\\STM32F4xx Function Test\\QCopterMachineVision Board\\TEST_QCopterMV_USART\\Project_QCMV_Test\\Obj\\Project_Test_UART.axf" 
Set JLink Project File to "C:\Users\David Wu\Documents\GitHub\Project-Voice\Test and Simulation\STM32F4xx Function Test\QCopterMachineVision Board\TEST_QCopterMV_USART\Project_QCMV_Test\JLinkSettings.ini"
* JLink Info: Device "STM32F407VG" selected (1024 KB flash, 128 KB RAM).
 
JLink info:
------------
DLL: V4.68a, compiled Apr 12 2013 13:26:50
Firmware: J-Link ARM V8 compiled Nov 14 2012 22:34:52
Hardware: V8.00
S/N : 168520 
Feature(s) : RDI,FlashDL,FlashBP,JFlash,GDBFull 
 
* JLink Info: Found SWD-DP with ID 0x2BA01477
* JLink Info: Found SWD-DP with ID 0x2BA01477
* JLink Info: TPIU fitted.
* JLink Info: ETM fitted.
* JLink Info: FPUnit: 6 code (BP) slots and 2 literal slots
* JLink Info: Found Cortex-M4 r0p1, Little endian.
ROMTableAddr = 0xE00FF003
 
Target info:
------------
Device: STM32F407VG
VTarget = 3.293V
State of Pins: 
TCK: 0, TDI: 0, TDO: 0, TMS: 1, TRES: 1, TRST: 1
Hardware-Breakpoints: 6
Software-Breakpoints: 8192
Watchpoints:          4
JTAG speed: 2000 kHz
 
Erase Done.
Programming Done.
Verify OK.
Application running ...
Rebuild target 'Test_QCopterMV'
assembling startup_stm32f4xx.s...
compiling system_stm32f4xx.c...
compiling Test_UART_Main.c...
compiling stm32f4xx_rcc.c...
compiling stm32f4xx_gpio.c...
compiling stm32f4xx_usart.c...
compiling stm32f4_delay.c...
compiling QCopterMV_LED.c...
compiling QCopterMV_RS232.c...
compiling StringConvert.c...
..\Program\StringConvert.c(124): warning:  #1166-D: returning pointer to local variable
..\Program\StringConvert.c(132): warning:  #1166-D: returning pointer to local variable
linking...
Program Size: Code=5312 RO-data=424 RW-data=36 ZI-data=1636  
".\Obj\Project_Test_UART.axf" - 0 Error(s), 2 Warning(s).
compiling StringConvert.c...
..\Program\StringConvert.c(122): warning:  #1166-D: returning pointer to local variable
..\Program\StringConvert.c(130): warning:  #1166-D: returning pointer to local variable
..\Program\StringConvert.c - 0 Error(s), 2 Warning(s).
Rebuild target 'Test_QCopterMV'
assembling startup_stm32f4xx.s...
compiling system_stm32f4xx.c...
compiling Test_UART_Main.c...
compiling stm32f4xx_rcc.c...
compiling stm32f4xx_gpio.c...
compiling stm32f4xx_usart.c...
compiling stm32f4_delay.c...
compiling QCopterMV_LED.c...
compiling QCopterMV_RS232.c...
compiling StringConvert.c...
..\Program\StringConvert.c(122): warning:  #1166-D: returning pointer to local variable
..\Program\StringConvert.c(130): warning:  #1166-D: returning pointer to local variable
linking...
Program Size: Code=5304 RO-data=424 RW-data=36 ZI-data=1636  
".\Obj\Project_Test_UART.axf" - 0 Error(s), 2 Warning(s).
Rebuild target 'Test_QCopterMV'
assembling startup_stm32f4xx.s...
compiling system_stm32f4xx.c...
compiling Test_UART_Main.c...
compiling stm32f4xx_rcc.c...
compiling stm32f4xx_gpio.c...
compiling stm32f4xx_usart.c...
compiling stm32f4_delay.c...
compiling QCopterMV_LED.c...
compiling QCopterMV_RS232.c...
compiling StringConvert.c...
linking...
Program Size: Code=5248 RO-data=424 RW-data=36 ZI-data=1836  
".\Obj\Project_Test_UART.axf" - 0 Error(s), 0 Warning(s).
Load "C:\\Users\\David Wu\\Documents\\GitHub\\Project-Voice\\Test and Simulation\\STM32F4xx Function Test\\QCopterMachineVision Board\\TEST_QCopterMV_USART\\Project_QCMV_Test\\Obj\\Project_Test_UART.axf" 
Set JLink Project File to "C:\Users\David Wu\Documents\GitHub\Project-Voice\Test and Simulation\STM32F4xx Function Test\QCopterMachineVision Board\TEST_QCopterMV_USART\Project_QCMV_Test\JLinkSettings.ini"
* JLink Info: Device "STM32F407VG" selected (1024 KB flash, 128 KB RAM).
 
JLink info:
------------
DLL: V4.68a, compiled Apr 12 2013 13:26:50
Firmware: J-Link ARM V8 compiled Nov 14 2012 22:34:52
Hardware: V8.00
S/N : 168520 
Feature(s) : RDI,FlashDL,FlashBP,JFlash,GDBFull 
 
* JLink Info: Found SWD-DP with ID 0x2BA01477
* JLink Info: Found SWD-DP with ID 0x2BA01477
* JLink Info: TPIU fitted.
* JLink Info: ETM fitted.
* JLink Info: FPUnit: 6 code (BP) slots and 2 literal slots
* JLink Info: Found Cortex-M4 r0p1, Little endian.
ROMTableAddr = 0xE00FF003
 
Target info:
------------
Device: STM32F407VG
VTarget = 3.293V
State of Pins: 
TCK: 0, TDI: 0, TDO: 0, TMS: 1, TRES: 1, TRST: 1
Hardware-Breakpoints: 6
Software-Breakpoints: 8192
Watchpoints:          4
JTAG speed: 2000 kHz
 
Erase Done.
Programming Done.
Verify OK.
Application running ...
Rebuild target 'Test_QCopterMV'
assembling startup_stm32f4xx.s...
compiling system_stm32f4xx.c...
compiling Test_UART_Main.c...
compiling stm32f4xx_rcc.c...
compiling stm32f4xx_gpio.c...
compiling stm32f4xx_usart.c...
compiling stm32f4_delay.c...
compiling QCopterMV_LED.c...
compiling QCopterMV_RS232.c...
compiling StringConvert.c...
linking...
Program Size: Code=5244 RO-data=424 RW-data=36 ZI-data=1836  
".\Obj\Project_Test_UART.axf" - 0 Error(s), 0 Warning(s).
Load "C:\\Users\\David Wu\\Documents\\GitHub\\Project-Voice\\Test and Simulation\\STM32F4xx Function Test\\QCopterMachineVision Board\\TEST_QCopterMV_USART\\Project_QCMV_Test\\Obj\\Project_Test_UART.axf" 
Set JLink Project File to "C:\Users\David Wu\Documents\GitHub\Project-Voice\Test and Simulation\STM32F4xx Function Test\QCopterMachineVision Board\TEST_QCopterMV_USART\Project_QCMV_Test\JLinkSettings.ini"
* JLink Info: Device "STM32F407VG" selected (1024 KB flash, 128 KB RAM).
 
JLink info:
------------
DLL: V4.68a, compiled Apr 12 2013 13:26:50
Firmware: J-Link ARM V8 compiled Nov 14 2012 22:34:52
Hardware: V8.00
S/N : 168520 
Feature(s) : RDI,FlashDL,FlashBP,JFlash,GDBFull 
 
* JLink Info: Found SWD-DP with ID 0x2BA01477
* JLink Info: Found SWD-DP with ID 0x2BA01477
* JLink Info: TPIU fitted.
* JLink Info: ETM fitted.
* JLink Info: FPUnit: 6 code (BP) slots and 2 literal slots
* JLink Info: Found Cortex-M4 r0p1, Little endian.
ROMTableAddr = 0xE00FF003
 
Target info:
------------
Device: STM32F407VG
VTarget = 3.293V
State of Pins: 
TCK: 0, TDI: 0, TDO: 0, TMS: 1, TRES: 1, TRST: 1
Hardware-Breakpoints: 6
Software-Breakpoints: 8192
Watchpoints:          4
JTAG speed: 2000 kHz
 
Erase Done.
Programming Done.
Verify OK.
Application running ...
Rebuild target 'Test_QCopterMV'
assembling startup_stm32f4xx.s...
compiling system_stm32f4xx.c...
compiling Test_UART_Main.c...
compiling stm32f4xx_rcc.c...
compiling stm32f4xx_gpio.c...
compiling stm32f4xx_usart.c...
compiling stm32f4_delay.c...
compiling QCopterMV_LED.c...
compiling QCopterMV_RS232.c...
compiling StringConvert.c...
linking...
Program Size: Code=5244 RO-data=424 RW-data=36 ZI-data=1836  
".\Obj\Project_Test_UART.axf" - 0 Error(s), 0 Warning(s).
Load "C:\\Users\\David Wu\\Documents\\GitHub\\Project-Voice\\Test and Simulation\\STM32F4xx Function Test\\QCopterMachineVision Board\\TEST_QCopterMV_USART\\Project_QCMV_Test\\Obj\\Project_Test_UART.axf" 
Set JLink Project File to "C:\Users\David Wu\Documents\GitHub\Project-Voice\Test and Simulation\STM32F4xx Function Test\QCopterMachineVision Board\TEST_QCopterMV_USART\Project_QCMV_Test\JLinkSettings.ini"
* JLink Info: Device "STM32F407VG" selected (1024 KB flash, 128 KB RAM).
 
JLink info:
------------
DLL: V4.68a, compiled Apr 12 2013 13:26:50
Firmware: J-Link ARM V8 compiled Nov 14 2012 22:34:52
Hardware: V8.00
S/N : 168520 
Feature(s) : RDI,FlashDL,FlashBP,JFlash,GDBFull 
 
* JLink Info: Found SWD-DP with ID 0x2BA01477
* JLink Info: Found SWD-DP with ID 0x2BA01477
* JLink Info: TPIU fitted.
* JLink Info: ETM fitted.
* JLink Info: FPUnit: 6 code (BP) slots and 2 literal slots
* JLink Info: Found Cortex-M4 r0p1, Little endian.
ROMTableAddr = 0xE00FF003
 
Target info:
------------
Device: STM32F407VG
VTarget = 3.293V
State of Pins: 
TCK: 0, TDI: 0, TDO: 0, TMS: 1, TRES: 1, TRST: 1
Hardware-Breakpoints: 6
Software-Breakpoints: 8192
Watchpoints:          4
JTAG speed: 2000 kHz
 
Erase Done.
Programming Done.
Verify OK.
Application running ...
Rebuild target 'Test_QCopterMV'
assembling startup_stm32f4xx.s...
compiling system_stm32f4xx.c...
compiling Test_UART_Main.c...
compiling stm32f4xx_rcc.c...
compiling stm32f4xx_gpio.c...
compiling stm32f4xx_usart.c...
compiling stm32f4_delay.c...
compiling QCopterMV_LED.c...
compiling QCopterMV_RS232.c...
compiling StringConvert.c...
linking...
Program Size: Code=5244 RO-data=424 RW-data=36 ZI-data=1836  
".\Obj\Project_Test_UART.axf" - 0 Error(s), 0 Warning(s).
Load "C:\\Users\\David Wu\\Documents\\GitHub\\Project-Voice\\Test and Simulation\\STM32F4xx Function Test\\QCopterMachineVision Board\\TEST_QCopterMV_USART\\Project_QCMV_Test\\Obj\\Project_Test_UART.axf" 
Set JLink Project File to "C:\Users\David Wu\Documents\GitHub\Project-Voice\Test and Simulation\STM32F4xx Function Test\QCopterMachineVision Board\TEST_QCopterMV_USART\Project_QCMV_Test\JLinkSettings.ini"
* JLink Info: Device "STM32F407VG" selected (1024 KB flash, 128 KB RAM).
 
JLink info:
------------
DLL: V4.68a, compiled Apr 12 2013 13:26:50
Firmware: J-Link ARM V8 compiled Nov 14 2012 22:34:52
Hardware: V8.00
S/N : 168520 
Feature(s) : RDI,FlashDL,FlashBP,JFlash,GDBFull 
 
* JLink Info: Found SWD-DP with ID 0x2BA01477
* JLink Info: Found SWD-DP with ID 0x2BA01477
* JLink Info: TPIU fitted.
* JLink Info: ETM fitted.
* JLink Info: FPUnit: 6 code (BP) slots and 2 literal slots
* JLink Info: Found Cortex-M4 r0p1, Little endian.
ROMTableAddr = 0xE00FF003
 
Target info:
------------
Device: STM32F407VG
VTarget = 3.293V
State of Pins: 
TCK: 0, TDI: 0, TDO: 0, TMS: 1, TRES: 1, TRST: 1
Hardware-Breakpoints: 6
Software-Breakpoints: 8192
Watchpoints:          4
JTAG speed: 2000 kHz
 
Erase Done.
Programming Done.
Verify OK.
Application running ...
Rebuild target 'Test_QCopterMV'
assembling startup_stm32f4xx.s...
compiling system_stm32f4xx.c...
compiling Test_UART_Main.c...
compiling stm32f4xx_rcc.c...
compiling stm32f4xx_gpio.c...
compiling stm32f4xx_usart.c...
compiling stm32f4_delay.c...
compiling QCopterMV_LED.c...
compiling QCopterMV_RS232.c...
compiling StringConvert.c...
linking...
Program Size: Code=5244 RO-data=424 RW-data=36 ZI-data=1836  
".\Obj\Project_Test_UART.axf" - 0 Error(s), 0 Warning(s).
Load "C:\\Users\\David Wu\\Documents\\GitHub\\Project-Voice\\Test and Simulation\\STM32F4xx Function Test\\QCopterMachineVision Board\\TEST_QCopterMV_USART\\Project_QCMV_Test\\Obj\\Project_Test_UART.axf" 
Set JLink Project File to "C:\Users\David Wu\Documents\GitHub\Project-Voice\Test and Simulation\STM32F4xx Function Test\QCopterMachineVision Board\TEST_QCopterMV_USART\Project_QCMV_Test\JLinkSettings.ini"
* JLink Info: Device "STM32F407VG" selected (1024 KB flash, 128 KB RAM).
 
JLink info:
------------
DLL: V4.68a, compiled Apr 12 2013 13:26:50
Firmware: J-Link ARM V8 compiled Nov 14 2012 22:34:52
Hardware: V8.00
S/N : 168520 
Feature(s) : RDI,FlashDL,FlashBP,JFlash,GDBFull 
 
* JLink Info: Found SWD-DP with ID 0x2BA01477
* JLink Info: Found SWD-DP with ID 0x2BA01477
* JLink Info: TPIU fitted.
* JLink Info: ETM fitted.
* JLink Info: FPUnit: 6 code (BP) slots and 2 literal slots
* JLink Info: Found Cortex-M4 r0p1, Little endian.
ROMTableAddr = 0xE00FF003
 
Target info:
------------
Device: STM32F407VG
VTarget = 3.293V
State of Pins: 
TCK: 0, TDI: 0, TDO: 0, TMS: 1, TRES: 1, TRST: 1
Hardware-Breakpoints: 6
Software-Breakpoints: 8192
Watchpoints:          4
JTAG speed: 2000 kHz
 
Erase Done.
Programming Done.
Verify OK.
Application running ...
Rebuild target 'Test_QCopterMV'
assembling startup_stm32f4xx.s...
compiling system_stm32f4xx.c...
compiling Test_UART_Main.c...
compiling stm32f4xx_rcc.c...
compiling stm32f4xx_gpio.c...
compiling stm32f4xx_usart.c...
compiling stm32f4_delay.c...
compiling QCopterMV_LED.c...
compiling QCopterMV_RS232.c...
compiling StringConvert.c...
linking...
Program Size: Code=5244 RO-data=424 RW-data=36 ZI-data=1836  
".\Obj\Project_Test_UART.axf" - 0 Error(s), 0 Warning(s).
Load "C:\\Users\\David Wu\\Documents\\GitHub\\Project-Voice\\Test and Simulation\\STM32F4xx Function Test\\QCopterMachineVision Board\\TEST_QCopterMV_USART\\Project_QCMV_Test\\Obj\\Project_Test_UART.axf" 
Set JLink Project File to "C:\Users\David Wu\Documents\GitHub\Project-Voice\Test and Simulation\STM32F4xx Function Test\QCopterMachineVision Board\TEST_QCopterMV_USART\Project_QCMV_Test\JLinkSettings.ini"
* JLink Info: Device "STM32F407VG" selected (1024 KB flash, 128 KB RAM).
 
JLink info:
------------
DLL: V4.68a, compiled Apr 12 2013 13:26:50
Firmware: J-Link ARM V8 compiled Nov 14 2012 22:34:52
Hardware: V8.00
S/N : 168520 
Feature(s) : RDI,FlashDL,FlashBP,JFlash,GDBFull 
 
* JLink Info: Found SWD-DP with ID 0x2BA01477
* JLink Info: Found SWD-DP with ID 0x2BA01477
* JLink Info: TPIU fitted.
* JLink Info: ETM fitted.
* JLink Info: FPUnit: 6 code (BP) slots and 2 literal slots
* JLink Info: Found Cortex-M4 r0p1, Little endian.
ROMTableAddr = 0xE00FF003
 
Target info:
------------
Device: STM32F407VG
VTarget = 3.293V
State of Pins: 
TCK: 0, TDI: 0, TDO: 0, TMS: 1, TRES: 1, TRST: 1
Hardware-Breakpoints: 6
Software-Breakpoints: 8192
Watchpoints:          4
JTAG speed: 2000 kHz
 
Erase Done.
Programming Done.
Verify OK.
Application running ...
Rebuild target 'Test_QCopterMV'
assembling startup_stm32f4xx.s...
compiling system_stm32f4xx.c...
compiling Test_UART_Main.c...
compiling stm32f4xx_rcc.c...
compiling stm32f4xx_gpio.c...
compiling stm32f4xx_usart.c...
compiling stm32f4_delay.c...
compiling QCopterMV_LED.c...
compiling QCopterMV_RS232.c...
compiling StringConvert.c...
linking...
Program Size: Code=5248 RO-data=424 RW-data=36 ZI-data=1836  
".\Obj\Project_Test_UART.axf" - 0 Error(s), 0 Warning(s).
Load "C:\\Users\\David Wu\\Documents\\GitHub\\Project-Voice\\Test and Simulation\\STM32F4xx Function Test\\QCopterMachineVision Board\\TEST_QCopterMV_USART\\Project_QCMV_Test\\Obj\\Project_Test_UART.axf" 
Set JLink Project File to "C:\Users\David Wu\Documents\GitHub\Project-Voice\Test and Simulation\STM32F4xx Function Test\QCopterMachineVision Board\TEST_QCopterMV_USART\Project_QCMV_Test\JLinkSettings.ini"
* JLink Info: Device "STM32F407VG" selected (1024 KB flash, 128 KB RAM).
 
JLink info:
------------
DLL: V4.68a, compiled Apr 12 2013 13:26:50
Firmware: J-Link ARM V8 compiled Nov 14 2012 22:34:52
Hardware: V8.00
S/N : 168520 
Feature(s) : RDI,FlashDL,FlashBP,JFlash,GDBFull 
 
* JLink Info: Found SWD-DP with ID 0x2BA01477
* JLink Info: Found SWD-DP with ID 0x2BA01477
* JLink Info: TPIU fitted.
* JLink Info: ETM fitted.
* JLink Info: FPUnit: 6 code (BP) slots and 2 literal slots
* JLink Info: Found Cortex-M4 r0p1, Little endian.
ROMTableAddr = 0xE00FF003
 
Target info:
------------
Device: STM32F407VG
VTarget = 3.293V
State of Pins: 
TCK: 0, TDI: 0, TDO: 0, TMS: 1, TRES: 1, TRST: 1
Hardware-Breakpoints: 6
Software-Breakpoints: 8192
Watchpoints:          4
JTAG speed: 2000 kHz
 
Erase Done.
Programming Done.
Verify OK.
Application running ...
Rebuild target 'Test_QCopterMV'
assembling startup_stm32f4xx.s...
compiling system_stm32f4xx.c...
compiling Test_UART_Main.c...
compiling stm32f4xx_rcc.c...
compiling stm32f4xx_gpio.c...
compiling stm32f4xx_usart.c...
compiling stm32f4_delay.c...
compiling QCopterMV_LED.c...
compiling QCopterMV_RS232.c...
compiling StringConvert.c...
linking...
Program Size: Code=5248 RO-data=424 RW-data=36 ZI-data=1836  
".\Obj\Project_Test_UART.axf" - 0 Error(s), 0 Warning(s).
Load "C:\\Users\\David Wu\\Documents\\GitHub\\Project-Voice\\Test and Simulation\\STM32F4xx Function Test\\QCopterMachineVision Board\\TEST_QCopterMV_USART\\Project_QCMV_Test\\Obj\\Project_Test_UART.axf" 
Set JLink Project File to "C:\Users\David Wu\Documents\GitHub\Project-Voice\Test and Simulation\STM32F4xx Function Test\QCopterMachineVision Board\TEST_QCopterMV_USART\Project_QCMV_Test\JLinkSettings.ini"
* JLink Info: Device "STM32F407VG" selected (1024 KB flash, 128 KB RAM).
 
JLink info:
------------
DLL: V4.68a, compiled Apr 12 2013 13:26:50
Firmware: J-Link ARM V8 compiled Nov 14 2012 22:34:52
Hardware: V8.00
S/N : 168520 
Feature(s) : RDI,FlashDL,FlashBP,JFlash,GDBFull 
 
* JLink Info: Found SWD-DP with ID 0x2BA01477
* JLink Info: Found SWD-DP with ID 0x2BA01477
* JLink Info: TPIU fitted.
* JLink Info: ETM fitted.
* JLink Info: FPUnit: 6 code (BP) slots and 2 literal slots
* JLink Info: Found Cortex-M4 r0p1, Little endian.
ROMTableAddr = 0xE00FF003
 
Target info:
------------
Device: STM32F407VG
VTarget = 3.293V
State of Pins: 
TCK: 0, TDI: 0, TDO: 0, TMS: 1, TRES: 1, TRST: 1
Hardware-Breakpoints: 6
Software-Breakpoints: 8192
Watchpoints:          4
JTAG speed: 2000 kHz
 
Erase Done.
Programming Done.
Verify OK.
Application running ...
Rebuild target 'Test_QCopterMV'
assembling startup_stm32f4xx.s...
compiling system_stm32f4xx.c...
compiling Test_UART_Main.c...
compiling stm32f4xx_rcc.c...
compiling stm32f4xx_gpio.c...
compiling stm32f4xx_usart.c...
compiling stm32f4_delay.c...
compiling QCopterMV_LED.c...
compiling QCopterMV_RS232.c...
compiling StringConvert.c...
linking...
Program Size: Code=5184 RO-data=424 RW-data=36 ZI-data=1836  
".\Obj\Project_Test_UART.axf" - 0 Error(s), 0 Warning(s).
Load "C:\\Users\\David Wu\\Documents\\GitHub\\Project-Voice\\Test and Simulation\\STM32F4xx Function Test\\QCopterMachineVision Board\\TEST_QCopterMV_USART\\Project_QCMV_Test\\Obj\\Project_Test_UART.axf" 
Set JLink Project File to "C:\Users\David Wu\Documents\GitHub\Project-Voice\Test and Simulation\STM32F4xx Function Test\QCopterMachineVision Board\TEST_QCopterMV_USART\Project_QCMV_Test\JLinkSettings.ini"
* JLink Info: Device "STM32F407VG" selected (1024 KB flash, 128 KB RAM).
 
JLink info:
------------
DLL: V4.68a, compiled Apr 12 2013 13:26:50
Firmware: J-Link ARM V8 compiled Nov 14 2012 22:34:52
Hardware: V8.00
S/N : 168520 
Feature(s) : RDI,FlashDL,FlashBP,JFlash,GDBFull 
 
* JLink Info: Found SWD-DP with ID 0x2BA01477
* JLink Info: Found SWD-DP with ID 0x2BA01477
* JLink Info: TPIU fitted.
* JLink Info: ETM fitted.
* JLink Info: FPUnit: 6 code (BP) slots and 2 literal slots
* JLink Info: Found Cortex-M4 r0p1, Little endian.
ROMTableAddr = 0xE00FF003
 
Target info:
------------
Device: STM32F407VG
VTarget = 3.293V
State of Pins: 
TCK: 0, TDI: 0, TDO: 0, TMS: 1, TRES: 1, TRST: 1
Hardware-Breakpoints: 6
Software-Breakpoints: 8192
Watchpoints:          4
JTAG speed: 2000 kHz
 
Erase Done.
Programming Done.
Verify OK.
Application running ...
Rebuild target 'Test_QCopterMV'
assembling startup_stm32f4xx.s...
compiling system_stm32f4xx.c...
compiling Test_UART_Main.c...
compiling stm32f4xx_rcc.c...
compiling stm32f4xx_gpio.c...
compiling stm32f4xx_usart.c...
compiling stm32f4_delay.c...
compiling QCopterMV_LED.c...
compiling QCopterMV_RS232.c...
compiling StringConvert.c...
linking...
Program Size: Code=5184 RO-data=424 RW-data=36 ZI-data=1836  
".\Obj\Project_Test_UART.axf" - 0 Error(s), 0 Warning(s).
Rebuild target 'Test_QCopterMV'
assembling startup_stm32f4xx.s...
compiling system_stm32f4xx.c...
compiling Test_UART_Main.c...
compiling stm32f4xx_rcc.c...
compiling stm32f4xx_gpio.c...
compiling stm32f4xx_usart.c...
compiling stm32f4_delay.c...
compiling QCopterMV_LED.c...
compiling QCopterMV_RS232.c...
compiling StringConvert.c...
linking...
Program Size: Code=5184 RO-data=424 RW-data=36 ZI-data=1836  
".\Obj\Project_Test_UART.axf" - 0 Error(s), 0 Warning(s).
Load "C:\\Users\\David Wu\\Documents\\GitHub\\Project-Voice\\Test and Simulation\\STM32F4xx Function Test\\QCopterMachineVision Board\\TEST_QCopterMV_USART\\Project_QCMV_Test\\Obj\\Project_Test_UART.axf" 
Set JLink Project File to "C:\Users\David Wu\Documents\GitHub\Project-Voice\Test and Simulation\STM32F4xx Function Test\QCopterMachineVision Board\TEST_QCopterMV_USART\Project_QCMV_Test\JLinkSettings.ini"
* JLink Info: Device "STM32F407VG" selected (1024 KB flash, 128 KB RAM).
 
JLink info:
------------
DLL: V4.68a, compiled Apr 12 2013 13:26:50
Firmware: J-Link ARM V8 compiled Nov 14 2012 22:34:52
Hardware: V8.00
S/N : 168520 
Feature(s) : RDI,FlashDL,FlashBP,JFlash,GDBFull 
 
* JLink Info: Found SWD-DP with ID 0x2BA01477
* JLink Info: Found SWD-DP with ID 0x2BA01477
* JLink Info: TPIU fitted.
* JLink Info: ETM fitted.
* JLink Info: FPUnit: 6 code (BP) slots and 2 literal slots
* JLink Info: Found Cortex-M4 r0p1, Little endian.
ROMTableAddr = 0xE00FF003
 
Target info:
------------
Device: STM32F407VG
VTarget = 3.293V
State of Pins: 
TCK: 0, TDI: 0, TDO: 0, TMS: 1, TRES: 1, TRST: 1
Hardware-Breakpoints: 6
Software-Breakpoints: 8192
Watchpoints:          4
JTAG speed: 2000 kHz
 
Erase Done.
Programming Done.
Verify OK.
Application running ...
Rebuild target 'Test_QCopterMV'
assembling startup_stm32f4xx.s...
compiling system_stm32f4xx.c...
compiling Test_UART_Main.c...
compiling stm32f4xx_rcc.c...
compiling stm32f4xx_gpio.c...
compiling stm32f4xx_usart.c...
compiling stm32f4_delay.c...
compiling QCopterMV_LED.c...
compiling QCopterMV_RS232.c...
compiling StringConvert.c...
linking...
Program Size: Code=5184 RO-data=424 RW-data=36 ZI-data=1836  
".\Obj\Project_Test_UART.axf" - 0 Error(s), 0 Warning(s).
Rebuild target 'Test_QCopterMV'
assembling startup_stm32f4xx.s...
compiling system_stm32f4xx.c...
compiling Test_UART_Main.c...
compiling stm32f4xx_rcc.c...
compiling stm32f4xx_gpio.c...
compiling stm32f4xx_usart.c...
compiling stm32f4_delay.c...
compiling QCopterMV_LED.c...
compiling QCopterMV_RS232.c...
compiling StringConvert.c...
linking...
Program Size: Code=5184 RO-data=424 RW-data=36 ZI-data=1836  
".\Obj\Project_Test_UART.axf" - 0 Error(s), 0 Warning(s).
Load "C:\\Users\\David Wu\\Documents\\GitHub\\Project-Voice\\Test and Simulation\\STM32F4xx Function Test\\QCopterMachineVision Board\\TEST_QCopterMV_USART\\Project_QCMV_Test\\Obj\\Project_Test_UART.axf" 
Set JLink Project File to "C:\Users\David Wu\Documents\GitHub\Project-Voice\Test and Simulation\STM32F4xx Function Test\QCopterMachineVision Board\TEST_QCopterMV_USART\Project_QCMV_Test\JLinkSettings.ini"
* JLink Info: Device "STM32F407VG" selected (1024 KB flash, 128 KB RAM).
 
JLink info:
------------
DLL: V4.68a, compiled Apr 12 2013 13:26:50
Firmware: J-Link ARM V8 compiled Nov 14 2012 22:34:52
Hardware: V8.00
S/N : 168520 
Feature(s) : RDI,FlashDL,FlashBP,JFlash,GDBFull 
 
* JLink Info: Found SWD-DP with ID 0x2BA01477
* JLink Info: Found SWD-DP with ID 0x2BA01477
* JLink Info: TPIU fitted.
* JLink Info: ETM fitted.
* JLink Info: FPUnit: 6 code (BP) slots and 2 literal slots
* JLink Info: Found Cortex-M4 r0p1, Little endian.
ROMTableAddr = 0xE00FF003
 
Target info:
------------
Device: STM32F407VG
VTarget = 3.293V
State of Pins: 
TCK: 0, TDI: 0, TDO: 0, TMS: 1, TRES: 1, TRST: 1
Hardware-Breakpoints: 6
Software-Breakpoints: 8192
Watchpoints:          4
JTAG speed: 2000 kHz
 
Erase Done.
Programming Done.
Verify OK.
Application running ...
