Rebuild target 'Test_LED'
assembling startup_stm32f4xx.s...
compiling system_stm32f4xx.c...
compiling stm32f4_system.c...
compiling stm32f4_delay.c...
compiling stm32f4_gpio.c...
compiling QCopterMV_LED.c...
compiling Test_LED_Main.c...
compiling stm32f4xx_rcc.c...
compiling stm32f4xx_gpio.c...
linking...
Program Size: Code=3324 RO-data=424 RW-data=36 ZI-data=1636  
".\Obj\Project_Test_LED.axf" - 0 Error(s), 0 Warning(s).
Load "C:\\Users\\David Wu\\Documents\\GitHub\\Project-Voice\\Test and Simulation\\STM32F4xx Function Test\\QCopterMachineVision Board\\TEST_QCopterMV_LED\\Project_TestVG_GPIO\\Obj\\Project_Test_LED.axf" 
Set JLink Project File to "C:\Users\David Wu\Documents\GitHub\Project-Voice\Test and Simulation\STM32F4xx Function Test\QCopterMachineVision Board\TEST_QCopterMV_LED\Project_TestVG_GPIO\JLinkSettings.ini"
* JLink Info: Device "STM32F407VG" selected (1024 KB flash, 128 KB RAM).
 
JLink info:
------------
DLL: V4.68a, compiled Apr 12 2013 13:26:50
Firmware: J-Link ARM V8 compiled Nov 14 2012 22:34:52
Hardware: V8.00
S/N : 168520 
Feature(s) : RDI,FlashDL,FlashBP,JFlash,GDBFull 
 
* JLink Info: Found SWD-DP with ID 0x2BA01477
* JLink Info: Found SWD-DP with ID 0x2BA01477
* JLink Info: TPIU fitted.
* JLink Info: ETM fitted.
* JLink Info: FPUnit: 6 code (BP) slots and 2 literal slots
* JLink Info: Found Cortex-M4 r0p1, Little endian.
ROMTableAddr = 0xE00FF003
 
Target info:
------------
Device: STM32F407VG
VTarget = 3.293V
State of Pins: 
TCK: 0, TDI: 0, TDO: 0, TMS: 1, TRES: 1, TRST: 0
Hardware-Breakpoints: 6
Software-Breakpoints: 8192
Watchpoints:          4
JTAG speed: 2000 kHz
 
Erase Done.
Programming Done.
Verify OK.
Application running ...
