<html>
<body>
<pre>
<h1>µVision Build Log</h1>
<h2>Project:</h2>
C:\Users\David Wu\Documents\GitHub\Project-Voice\Test and Simulation\System Control\Voice ADC\Project Voice ADC\Voice_ADC.uvproj
Project File Date:  09/29/2013

<h2>Output:</h2>
Rebuild target 'VoiceADC'
assembling startup_stm32f4xx.s...
compiling system_stm32f4xx.c...
C:\Keil\ARM\CMSIS\Include\core_cmInstr.h(129): error:  #20: identifier "__STATIC_INLINE" is undefined
C:\Keil\ARM\CMSIS\Include\core_cmInstr.h(129): error:  #101: "uint32_t" has already been declared in the current scope
C:\Keil\ARM\CMSIS\Include\core_cmInstr.h(129): error:  #65: expected a ";"
..\Libraries\CMSIS\core_cm4.h(236): warning:  #12-D: parsing restarts here after previous syntax error
..\Libraries\CMSIS\core_cm4.h(245): error:  #757: variable "uint32_t" is not a type name
..\Libraries\CMSIS\core_cm4.h(246): error:  #757: variable "uint32_t" is not a type name
..\Libraries\CMSIS\core_cm4.h(248): error:  #757: variable "uint32_t" is not a type name
..\Libraries\CMSIS\core_cm4.h(258): error:  #757: variable "uint32_t" is not a type name
..\Libraries\CMSIS\core_cm4.h(262): error:  #757: variable "uint32_t" is not a type name
..\Libraries\CMSIS\core_cm4.h(263): error:  #757: variable "uint32_t" is not a type name
..\Libraries\CMSIS\core_cm4.h(264): error:  #757: variable "uint32_t" is not a type name
..\Libraries\CMSIS\core_cm4.h(266): error:  #757: variable "uint32_t" is not a type name
..\Libraries\CMSIS\core_cm4.h(267): error:  #757: variable "uint32_t" is not a type name
..\Libraries\CMSIS\core_cm4.h(268): error:  #757: variable "uint32_t" is not a type name
..\Libraries\CMSIS\core_cm4.h(269): error:  #757: variable "uint32_t" is not a type name
..\Libraries\CMSIS\core_cm4.h(270): error:  #757: variable "uint32_t" is not a type name
..\Libraries\CMSIS\core_cm4.h(271): error:  #757: variable "uint32_t" is not a type name
..\Libraries\CMSIS\core_cm4.h(272): error:  #757: variable "uint32_t" is not a type name
..\Libraries\CMSIS\core_cm4.h(274): error:  #757: variable "uint32_t" is not a type name
..\Libraries\CMSIS\core_cm4.h(284): error:  #757: variable "uint32_t" is not a type name
..\Libraries\CMSIS\core_cm4.h(285): error:  #757: variable "uint32_t" is not a type name
..\Libraries\CMSIS\core_cm4.h(286): error:  #757: variable "uint32_t" is not a type name
..\Libraries\CMSIS\core_cm4.h(287): error:  #757: variable "uint32_t" is not a type name
..\Libraries\CMSIS\core_cm4.h(289): error:  #757: variable "uint32_t" is not a type name
..\Libraries\CMSIS\core_cm4.h(305): error:  #757: variable "uint32_t" is not a type name
..\Libraries\CMSIS\core_cm4.h(306): error:  #757: variable "uint32_t" is not a type name
..\Libraries\CMSIS\core_cm4.h(307): error:  #757: variable "uint32_t" is not a type name
..\Libraries\CMSIS\core_cm4.h(308): error:  #757: variable "uint32_t" is not a type name
..\Libraries\CMSIS\core_cm4.h(309): error:  #757: variable "uint32_t" is not a type name
..\Libraries\CMSIS\core_cm4.h(310): error:  #757: variable "uint32_t" is not a type name
..\Libraries\CMSIS\core_cm4.h(311): error:  #757: variable "uint32_t" is not a type name
compiling stm32f4xx_rcc.c...
..\Libraries\STM32F4xx_StdPeriph_Driver\src\stm32f4xx_rcc.c(62): error:  #5: cannot open source input file "stm32f4xx_rcc.h": No such file or directory
compiling stm32f4xx_adc.c...
..\Libraries\STM32F4xx_StdPeriph_Driver\src\stm32f4xx_adc.c(104): error:  #5: cannot open source input file "stm32f4xx_adc.h": No such file or directory
compiling stm32f4xx_dma.c...
..\Libraries\STM32F4xx_StdPeriph_Driver\src\stm32f4xx_dma.c(122): error:  #5: cannot open source input file "stm32f4xx_dma.h": No such file or directory
compiling stm32f4xx_gpio.c...
..\Libraries\STM32F4xx_StdPeriph_Driver\src\stm32f4xx_gpio.c(85): error:  #5: cannot open source input file "stm32f4xx_gpio.h": No such file or directory
compiling stm32f4xx_usart.c...
..\Libraries\STM32F4xx_StdPeriph_Driver\src\stm32f4xx_usart.c(91): error:  #5: cannot open source input file "stm32f4xx_usart.h": No such file or directory
compiling stm32f4xx_tim.c...
..\Libraries\STM32F4xx_StdPeriph_Driver\src\stm32f4xx_tim.c(120): error:  #5: cannot open source input file "stm32f4xx_tim.h": No such file or directory
compiling Voice_ADC_Main.c...
compiling stm32f4_ADC.c...
..\Program\stm32f4_ADC.c(15): error:  #5: cannot open source input file "stm32f4xx_adc.h": No such file or directory
compiling stm32f4_DELAY.c...
compiling stm32f4_GPIO.c...
..\Program\stm32f4_GPIO.c(19): error:  #20: identifier "GPIO_InitTypeDef" is undefined
..\Program\stm32f4_GPIO.c(22): warning:  #223-D: function "RCC_AHB1PeriphClockCmd" declared implicitly
..\Program\stm32f4_GPIO.c(22): error:  #20: identifier "RCC_AHB1Periph_GPIOA" is undefined
..\Program\stm32f4_GPIO.c(25): error:  #20: identifier "GPIO_Pin_0" is undefined
..\Program\stm32f4_GPIO.c(25): error:  #20: identifier "GPIO_Pin_1" is undefined
..\Program\stm32f4_GPIO.c(26): error:  #20: identifier "GPIO_Speed_2MHz" is undefined
..\Program\stm32f4_GPIO.c(27): error:  #20: identifier "GPIO_Mode_OUT" is undefined
..\Program\stm32f4_GPIO.c(28): error:  #20: identifier "GPIO_OType_PP" is undefined
..\Program\stm32f4_GPIO.c(29): error:  #20: identifier "GPIO_PuPd_NOPULL" is undefined
..\Program\stm32f4_GPIO.c(32): warning:  #223-D: function "GPIO_Init" declared implicitly
compiling stm32f4_LED.c...
..\Program\stm32f4_LED.c(18): error:  #5: cannot open source input file "QCopterMV_LED.h": No such file or directory
compiling stm32f4_USART.c...
..\Program\stm32f4_USART.c(18): error:  #5: cannot open source input file "QCopterMV_USART.h": No such file or directory
compiling StringConvert.c...
Target not created
Rebuild target 'VoiceADC'
assembling startup_stm32f4xx.s...
compiling system_stm32f4xx.c...
compiling stm32f4xx_rcc.c...
compiling stm32f4xx_adc.c...
compiling stm32f4xx_dma.c...
compiling stm32f4xx_gpio.c...
compiling stm32f4xx_usart.c...
compiling stm32f4xx_tim.c...
compiling Voice_ADC_Main.c...
compiling stm32f4_ADC.c...
..\Program\stm32f4_ADC.c(21): error:  #5: cannot open source input file "QCopterMV_ADC.h": No such file or directory
compiling stm32f4_DELAY.c...
compiling stm32f4_GPIO.c...
compiling stm32f4_LED.c...
..\Program\stm32f4_LED.c(18): error:  #5: cannot open source input file "QCopterMV_LED.h": No such file or directory
compiling stm32f4_USART.c...
..\Program\stm32f4_USART.c(18): error:  #5: cannot open source input file "QCopterMV_USART.h": No such file or directory
compiling StringConvert.c...
Target not created
Rebuild target 'VoiceADC'
assembling startup_stm32f4xx.s...
compiling system_stm32f4xx.c...
compiling stm32f4xx_rcc.c...
compiling stm32f4xx_adc.c...
compiling stm32f4xx_dma.c...
compiling stm32f4xx_gpio.c...
compiling stm32f4xx_usart.c...
compiling stm32f4xx_tim.c...
compiling Voice_ADC_Main.c...
compiling stm32f4_ADC.c...
..\Program\stm32f4_ADC.c(21): error:  #5: cannot open source input file "QCopterMV_ADC.h": No such file or directory
compiling stm32f4_DELAY.c...
compiling stm32f4_GPIO.c...
compiling stm32f4_LED.c...
compiling stm32f4_USART.c...
compiling StringConvert.c...
Target not created
Rebuild target 'VoiceADC'
assembling startup_stm32f4xx.s...
compiling system_stm32f4xx.c...
compiling stm32f4xx_rcc.c...
compiling stm32f4xx_adc.c...
compiling stm32f4xx_dma.c...
compiling stm32f4xx_gpio.c...
compiling stm32f4xx_usart.c...
compiling stm32f4xx_tim.c...
compiling Voice_ADC_Main.c...
compiling stm32f4_ADC.c...
compiling stm32f4_DELAY.c...
compiling stm32f4_GPIO.c...
compiling stm32f4_LED.c...
compiling stm32f4_USART.c...
compiling StringConvert.c...
linking...
Program Size: Code=6900 RO-data=424 RW-data=36 ZI-data=1892  
".\Obj\Voice_ADC.axf" - 0 Error(s), 0 Warning(s).
Rebuild target 'VoiceADC'
assembling startup_stm32f4xx.s...
compiling system_stm32f4xx.c...
compiling stm32f4xx_rcc.c...
compiling stm32f4xx_adc.c...
compiling stm32f4xx_dma.c...
compiling stm32f4xx_gpio.c...
compiling stm32f4xx_usart.c...
compiling stm32f4xx_tim.c...
compiling Voice_ADC_Main.c...
compiling stm32f4_ADC.c...
compiling stm32f4_DELAY.c...
compiling stm32f4_GPIO.c...
compiling stm32f4_LED.c...
compiling stm32f4_USART.c...
compiling StringConvert.c...
linking...
Program Size: Code=7592 RO-data=424 RW-data=36 ZI-data=2092  
".\Obj\Voice_ADC.axf" - 0 Error(s), 0 Warning(s).
Rebuild target 'VoiceADC'
assembling startup_stm32f4xx.s...
compiling system_stm32f4xx.c...
compiling stm32f4xx_rcc.c...
compiling stm32f4xx_adc.c...
compiling stm32f4xx_dma.c...
compiling stm32f4xx_gpio.c...
compiling stm32f4xx_usart.c...
compiling stm32f4xx_tim.c...
compiling Voice_ADC_Main.c...
compiling stm32f4_ADC.c...
compiling stm32f4_DELAY.c...
compiling stm32f4_GPIO.c...
compiling stm32f4_LED.c...
compiling stm32f4_USART.c...
compiling StringConvert.c...
linking...
Program Size: Code=7592 RO-data=424 RW-data=36 ZI-data=2092  
".\Obj\Voice_ADC.axf" - 0 Error(s), 0 Warning(s).
Rebuild target 'VoiceADC'
assembling startup_stm32f4xx.s...
compiling system_stm32f4xx.c...
compiling stm32f4xx_rcc.c...
compiling stm32f4xx_adc.c...
compiling stm32f4xx_dma.c...
compiling stm32f4xx_gpio.c...
compiling stm32f4xx_usart.c...
compiling stm32f4xx_tim.c...
compiling Voice_ADC_Main.c...
compiling stm32f4_ADC.c...
compiling stm32f4_DELAY.c...
compiling stm32f4_GPIO.c...
compiling stm32f4_LED.c...
compiling stm32f4_USART.c...
compiling StringConvert.c...
linking...
Program Size: Code=7612 RO-data=424 RW-data=36 ZI-data=2092  
".\Obj\Voice_ADC.axf" - 0 Error(s), 0 Warning(s).
Load "C:\\Users\\David Wu\\Documents\\GitHub\\Project-Voice\\Test and Simulation\\System Control\\Voice ADC\\Project Voice ADC\\Obj\\Voice_ADC.axf" 
Set JLink Project File to "C:\Users\David Wu\Documents\GitHub\Project-Voice\Test and Simulation\System Control\Voice ADC\Project Voice ADC\JLinkSettings.ini"
* JLink Info: Device "STM32F407VG" selected (1024 KB flash, 128 KB RAM).
 
JLink info:
------------
DLL: V4.68a, compiled Apr 12 2013 13:26:50
Firmware: J-Link ARM-OB STM32 compiled Aug 22 2012 19:52:04
Hardware: V7.00
S/N : 20090928 
Feature(s) : RDI,FlashDL,FlashBP,JFlash,GDBFull 
 
* JLink Info: Could not measure total IR len. TDO is constant high.
* JLink Info: STM32F2xxx/STM32F4xxx: Can not attach to CPU. Trying connect under reset.
* JLink Info: Could not measure total IR len. TDO is constant high.
Rebuild target 'VoiceADC'
assembling startup_stm32f4xx.s...
compiling system_stm32f4xx.c...
compiling stm32f4xx_rcc.c...
compiling stm32f4xx_adc.c...
compiling stm32f4xx_dma.c...
compiling stm32f4xx_gpio.c...
compiling stm32f4xx_usart.c...
compiling stm32f4xx_tim.c...
compiling Voice_ADC_Main.c...
compiling stm32f4_ADC.c...
compiling stm32f4_DELAY.c...
compiling stm32f4_GPIO.c...
compiling stm32f4_LED.c...
compiling stm32f4_USART.c...
compiling StringConvert.c...
linking...
Program Size: Code=7612 RO-data=424 RW-data=36 ZI-data=2092  
".\Obj\Voice_ADC.axf" - 0 Error(s), 0 Warning(s).
Load "C:\\Users\\David Wu\\Documents\\GitHub\\Project-Voice\\Test and Simulation\\System Control\\Voice ADC\\Project Voice ADC\\Obj\\Voice_ADC.axf" 
Set JLink Project File to "C:\Users\David Wu\Documents\GitHub\Project-Voice\Test and Simulation\System Control\Voice ADC\Project Voice ADC\JLinkSettings.ini"
* JLink Info: Device "STM32F407VG" selected (1024 KB flash, 128 KB RAM).
 
JLink info:
------------
DLL: V4.68a, compiled Apr 12 2013 13:26:50
Firmware: J-Link ARM-OB STM32 compiled Aug 22 2012 19:52:04
Hardware: V7.00
S/N : 20090928 
Feature(s) : RDI,FlashDL,FlashBP,JFlash,GDBFull 
 
* JLink Info: Found SWD-DP with ID 0x2BA01477
* JLink Info: Found SWD-DP with ID 0x2BA01477
* JLink Info: TPIU fitted.
* JLink Info: ETM fitted.
* JLink Info: FPUnit: 6 code (BP) slots and 2 literal slots
* JLink Info: Found Cortex-M4 r0p1, Little endian.
ROMTableAddr = 0xE00FF003
 
Target info:
------------
Device: STM32F407VG
VTarget = 3.300V
State of Pins: 
TCK: 0, TDI: 0, TDO: 1, TMS: 0, TRES: 1, TRST: 1
Hardware-Breakpoints: 6
Software-Breakpoints: 8192
Watchpoints:          4
JTAG speed: 2000 kHz
 
Erase Done.
Programming Done.
Verify OK.
Application running ...
Rebuild target 'VoiceADC'
assembling startup_stm32f4xx.s...
compiling system_stm32f4xx.c...
compiling stm32f4xx_rcc.c...
compiling stm32f4xx_adc.c...
compiling stm32f4xx_dma.c...
compiling stm32f4xx_gpio.c...
compiling stm32f4xx_usart.c...
compiling stm32f4xx_tim.c...
compiling Voice_ADC_Main.c...
compiling stm32f4_ADC.c...
compiling stm32f4_DELAY.c...
compiling stm32f4_GPIO.c...
compiling stm32f4_LED.c...
compiling stm32f4_USART.c...
compiling StringConvert.c...
linking...
Program Size: Code=7612 RO-data=424 RW-data=36 ZI-data=2092  
".\Obj\Voice_ADC.axf" - 0 Error(s), 0 Warning(s).
Load "C:\\Users\\David Wu\\Documents\\GitHub\\Project-Voice\\Test and Simulation\\System Control\\Voice ADC\\Project Voice ADC\\Obj\\Voice_ADC.axf" 
Set JLink Project File to "C:\Users\David Wu\Documents\GitHub\Project-Voice\Test and Simulation\System Control\Voice ADC\Project Voice ADC\JLinkSettings.ini"
* JLink Info: Device "STM32F407VG" selected (1024 KB flash, 128 KB RAM).
 
JLink info:
------------
DLL: V4.68a, compiled Apr 12 2013 13:26:50
Firmware: J-Link ARM-OB STM32 compiled Aug 22 2012 19:52:04
Hardware: V7.00
S/N : 20090928 
Feature(s) : RDI,FlashDL,FlashBP,JFlash,GDBFull 
 
* JLink Info: Found SWD-DP with ID 0x2BA01477
* JLink Info: Found SWD-DP with ID 0x2BA01477
* JLink Info: TPIU fitted.
* JLink Info: ETM fitted.
* JLink Info: FPUnit: 6 code (BP) slots and 2 literal slots
* JLink Info: Found Cortex-M4 r0p1, Little endian.
ROMTableAddr = 0xE00FF003
 
Target info:
------------
Device: STM32F407VG
VTarget = 3.300V
State of Pins: 
TCK: 0, TDI: 0, TDO: 1, TMS: 0, TRES: 1, TRST: 1
Hardware-Breakpoints: 6
Software-Breakpoints: 8192
Watchpoints:          4
JTAG speed: 2000 kHz
 
Erase Done.
Programming Done.
Verify OK.
Application running ...
Rebuild target 'VoiceADC'
assembling startup_stm32f4xx.s...
compiling system_stm32f4xx.c...
compiling stm32f4xx_rcc.c...
compiling stm32f4xx_adc.c...
compiling stm32f4xx_dma.c...
compiling stm32f4xx_gpio.c...
compiling stm32f4xx_usart.c...
compiling stm32f4xx_tim.c...
compiling Voice_ADC_Main.c...
compiling stm32f4_ADC.c...
compiling stm32f4_DELAY.c...
compiling stm32f4_GPIO.c...
compiling stm32f4_LED.c...
compiling stm32f4_USART.c...
compiling StringConvert.c...
linking...
Program Size: Code=7592 RO-data=424 RW-data=36 ZI-data=2092  
".\Obj\Voice_ADC.axf" - 0 Error(s), 0 Warning(s).
Load "C:\\Users\\David Wu\\Documents\\GitHub\\Project-Voice\\Test and Simulation\\System Control\\Voice ADC\\Project Voice ADC\\Obj\\Voice_ADC.axf" 
Set JLink Project File to "C:\Users\David Wu\Documents\GitHub\Project-Voice\Test and Simulation\System Control\Voice ADC\Project Voice ADC\JLinkSettings.ini"
* JLink Info: Device "STM32F407VG" selected (1024 KB flash, 128 KB RAM).
 
JLink info:
------------
DLL: V4.68a, compiled Apr 12 2013 13:26:50
Firmware: J-Link ARM-OB STM32 compiled Aug 22 2012 19:52:04
Hardware: V7.00
S/N : 20090928 
Feature(s) : RDI,FlashDL,FlashBP,JFlash,GDBFull 
 
* JLink Info: Found SWD-DP with ID 0x2BA01477
* JLink Info: Found SWD-DP with ID 0x2BA01477
* JLink Info: TPIU fitted.
* JLink Info: ETM fitted.
* JLink Info: FPUnit: 6 code (BP) slots and 2 literal slots
* JLink Info: Found Cortex-M4 r0p1, Little endian.
ROMTableAddr = 0xE00FF003
 
Target info:
------------
Device: STM32F407VG
VTarget = 3.300V
State of Pins: 
TCK: 0, TDI: 0, TDO: 1, TMS: 0, TRES: 1, TRST: 1
Hardware-Breakpoints: 6
Software-Breakpoints: 8192
Watchpoints:          4
JTAG speed: 2000 kHz
 
Erase Done.
Programming Done.
Verify OK.
Application running ...
Rebuild target 'VoiceADC'
assembling startup_stm32f4xx.s...
compiling system_stm32f4xx.c...
compiling stm32f4xx_rcc.c...
compiling stm32f4xx_adc.c...
compiling stm32f4xx_dma.c...
compiling stm32f4xx_gpio.c...
compiling stm32f4xx_usart.c...
compiling stm32f4xx_tim.c...
compiling Voice_ADC_Main.c...
compiling stm32f4_ADC.c...
compiling stm32f4_DELAY.c...
compiling stm32f4_GPIO.c...
compiling stm32f4_LED.c...
compiling stm32f4_USART.c...
compiling StringConvert.c...
linking...
Program Size: Code=7652 RO-data=424 RW-data=36 ZI-data=2092  
".\Obj\Voice_ADC.axf" - 0 Error(s), 0 Warning(s).
