<html>
<body>
<pre>
<h1>µVision Build Log</h1>
<h2>Project:</h2>
C:\Users\David Wu\Documents\GitHub\Project-Voice\Test and Simulation\STM32F4xx Function Test\QCopterMachineVision Board\TEST_QCopterMV_SDIO\Project_QCMV_Test\Project_Test_SDIO.uvproj
Project File Date:  09/04/2013

<h2>Output:</h2>
Rebuild target 'Test_QCopterMV'
assembling startup_stm32f4xx.s...
compiling system_stm32f4xx.c...
compiling Test_SDIO_Main.c...
compiling stm32f4xx_rcc.c...
compiling stm32f4xx_adc.c...
compiling stm32f4xx_gpio.c...
compiling stm32f4xx_sdio.c...
compiling stm32f4xx_usart.c...
compiling stm32f4_delay.c...
compiling QCopterMV_LED.c...
compiling QCopterMV_RS232.c...
compiling StringConvert.c...
linking...
Program Size: Code=876 RO-data=424 RW-data=20 ZI-data=1636  
".\Obj\Project_Test_SDIO.axf" - 0 Error(s), 0 Warning(s).
Rebuild target 'Test_QCopterMV'
assembling startup_stm32f4xx.s...
compiling system_stm32f4xx.c...
compiling Test_SDIO_Main.c...
compiling stm32f4xx_rcc.c...
compiling stm32f4xx_adc.c...
compiling stm32f4xx_gpio.c...
compiling stm32f4xx_sdio.c...
compiling stm32f4xx_usart.c...
compiling stm32f4_delay.c...
compiling stm32f4_sdio.c...
compiling QCopterMV_LED.c...
compiling QCopterMV_RS232.c...
compiling StringConvert.c...
linking...
.\Obj\Project_Test_SDIO.axf: Error: L6218E: Undefined symbol DMA_ClearFlag (referred from stm32f4_sdio.o).
.\Obj\Project_Test_SDIO.axf: Error: L6218E: Undefined symbol DMA_Cmd (referred from stm32f4_sdio.o).
.\Obj\Project_Test_SDIO.axf: Error: L6218E: Undefined symbol DMA_DeInit (referred from stm32f4_sdio.o).
.\Obj\Project_Test_SDIO.axf: Error: L6218E: Undefined symbol DMA_FlowControllerConfig (referred from stm32f4_sdio.o).
.\Obj\Project_Test_SDIO.axf: Error: L6218E: Undefined symbol DMA_ITConfig (referred from stm32f4_sdio.o).
.\Obj\Project_Test_SDIO.axf: Error: L6218E: Undefined symbol DMA_Init (referred from stm32f4_sdio.o).
.\Obj\Project_Test_SDIO.axf: Error: L6218E: Undefined symbol NVIC_Init (referred from stm32f4_sdio.o).
.\Obj\Project_Test_SDIO.axf: Error: L6218E: Undefined symbol NVIC_PriorityGroupConfig (referred from stm32f4_sdio.o).
Target not created
Rebuild target 'Test_QCopterMV'
assembling startup_stm32f4xx.s...
compiling system_stm32f4xx.c...
compiling misc.c...
compiling Test_SDIO_Main.c...
compiling stm32f4xx_rcc.c...
compiling stm32f4xx_adc.c...
compiling stm32f4xx_gpio.c...
compiling stm32f4xx_sdio.c...
compiling stm32f4xx_usart.c...
compiling stm32f4_delay.c...
compiling stm32f4_sdio.c...
compiling QCopterMV_LED.c...
compiling QCopterMV_RS232.c...
compiling StringConvert.c...
linking...
.\Obj\Project_Test_SDIO.axf: Error: L6218E: Undefined symbol DMA_ClearFlag (referred from stm32f4_sdio.o).
.\Obj\Project_Test_SDIO.axf: Error: L6218E: Undefined symbol DMA_Cmd (referred from stm32f4_sdio.o).
.\Obj\Project_Test_SDIO.axf: Error: L6218E: Undefined symbol DMA_DeInit (referred from stm32f4_sdio.o).
.\Obj\Project_Test_SDIO.axf: Error: L6218E: Undefined symbol DMA_FlowControllerConfig (referred from stm32f4_sdio.o).
.\Obj\Project_Test_SDIO.axf: Error: L6218E: Undefined symbol DMA_ITConfig (referred from stm32f4_sdio.o).
.\Obj\Project_Test_SDIO.axf: Error: L6218E: Undefined symbol DMA_Init (referred from stm32f4_sdio.o).
Target not created
Rebuild target 'Test_QCopterMV'
assembling startup_stm32f4xx.s...
compiling system_stm32f4xx.c...
compiling misc.c...
compiling Test_SDIO_Main.c...
compiling stm32f4xx_rcc.c...
compiling stm32f4xx_adc.c...
compiling stm32f4xx_gpio.c...
compiling stm32f4xx_sdio.c...
compiling stm32f4xx_usart.c...
compiling stm32f4xx_dma.c...
compiling stm32f4_delay.c...
compiling stm32f4_sdio.c...
compiling QCopterMV_LED.c...
compiling QCopterMV_RS232.c...
compiling StringConvert.c...
linking...
Program Size: Code=4392 RO-data=424 RW-data=36 ZI-data=1636  
".\Obj\Project_Test_SDIO.axf" - 0 Error(s), 0 Warning(s).
