Rebuild target 'Test_QCopterMV'
assembling startup_stm32f4xx.s...
compiling system_stm32f4xx.c...
compiling Test_SDIO_Main.c...
compiling stm32f4xx_rcc.c...
compiling stm32f4xx_adc.c...
compiling stm32f4xx_gpio.c...
compiling stm32f4xx_sdio.c...
compiling stm32f4xx_usart.c...
compiling stm32f4_delay.c...
compiling QCopterMV_LED.c...
compiling QCopterMV_RS232.c...
compiling StringConvert.c...
linking...
.\Obj\Project_Test_SDIO.axf: Error: L6218E: Undefined symbol main (referred from rtentry2.o).
".\Obj\Project_Test_SDIO.axf" - 1 Errors, 0 Warning(s).
Target not created
Rebuild target 'Test_QCopterMV'
assembling startup_stm32f4xx.s...
compiling system_stm32f4xx.c...
compiling Test_SDIO_Main.c...
compiling stm32f4xx_rcc.c...
compiling stm32f4xx_adc.c...
compiling stm32f4xx_gpio.c...
compiling stm32f4xx_sdio.c...
compiling stm32f4xx_usart.c...
compiling stm32f4_delay.c...
compiling QCopterMV_LED.c...
compiling QCopterMV_RS232.c...
compiling StringConvert.c...
linking...
Program Size: Code=876 RO-data=424 RW-data=20 ZI-data=1636  
".\Obj\Project_Test_SDIO.axf" - 0 Errors, 0 Warning(s).
